Archive member included to satisfy reference by file (symbol)

C:/ProgramData/MATLAB/SupportPackages/R2018a/3P.instrset/cmsis.instrset/CMSIS/RTOS/RTX/LIB/GCC/libRTX_CM4.a(rt_cmsis.o)
                              RTX_Conf_CM.o (osKernelInitialize)
C:/ProgramData/MATLAB/SupportPackages/R2018a/3P.instrset/cmsis.instrset/CMSIS/RTOS/RTX/LIB/GCC/libRTX_CM4.a(hal_cm.o)
                              C:/ProgramData/MATLAB/SupportPackages/R2018a/3P.instrset/cmsis.instrset/CMSIS/RTOS/RTX/LIB/GCC/libRTX_CM4.a(rt_cmsis.o) (rt_ret_val)
C:/ProgramData/MATLAB/SupportPackages/R2018a/3P.instrset/cmsis.instrset/CMSIS/RTOS/RTX/LIB/GCC/libRTX_CM4.a(rt_memory.o)
                              C:/ProgramData/MATLAB/SupportPackages/R2018a/3P.instrset/cmsis.instrset/CMSIS/RTOS/RTX/LIB/GCC/libRTX_CM4.a(rt_cmsis.o) (rt_init_mem)
C:/ProgramData/MATLAB/SupportPackages/R2018a/3P.instrset/cmsis.instrset/CMSIS/RTOS/RTX/LIB/GCC/libRTX_CM4.a(rt_membox.o)
                              C:/ProgramData/MATLAB/SupportPackages/R2018a/3P.instrset/cmsis.instrset/CMSIS/RTOS/RTX/LIB/GCC/libRTX_CM4.a(rt_cmsis.o) (_init_box)
C:/ProgramData/MATLAB/SupportPackages/R2018a/3P.instrset/cmsis.instrset/CMSIS/RTOS/RTX/LIB/GCC/libRTX_CM4.a(rt_mutex.o)
                              C:/ProgramData/MATLAB/SupportPackages/R2018a/3P.instrset/cmsis.instrset/CMSIS/RTOS/RTX/LIB/GCC/libRTX_CM4.a(rt_cmsis.o) (rt_mut_init)
C:/ProgramData/MATLAB/SupportPackages/R2018a/3P.instrset/cmsis.instrset/CMSIS/RTOS/RTX/LIB/GCC/libRTX_CM4.a(rt_time.o)
                              C:/ProgramData/MATLAB/SupportPackages/R2018a/3P.instrset/cmsis.instrset/CMSIS/RTOS/RTX/LIB/GCC/libRTX_CM4.a(rt_cmsis.o) (os_time)
C:/ProgramData/MATLAB/SupportPackages/R2018a/3P.instrset/cmsis.instrset/CMSIS/RTOS/RTX/LIB/GCC/libRTX_CM4.a(rt_semaphore.o)
                              C:/ProgramData/MATLAB/SupportPackages/R2018a/3P.instrset/cmsis.instrset/CMSIS/RTOS/RTX/LIB/GCC/libRTX_CM4.a(rt_cmsis.o) (rt_sem_init)
C:/ProgramData/MATLAB/SupportPackages/R2018a/3P.instrset/cmsis.instrset/CMSIS/RTOS/RTX/LIB/GCC/libRTX_CM4.a(rt_mailbox.o)
                              C:/ProgramData/MATLAB/SupportPackages/R2018a/3P.instrset/cmsis.instrset/CMSIS/RTOS/RTX/LIB/GCC/libRTX_CM4.a(rt_cmsis.o) (rt_mbx_init)
C:/ProgramData/MATLAB/SupportPackages/R2018a/3P.instrset/cmsis.instrset/CMSIS/RTOS/RTX/LIB/GCC/libRTX_CM4.a(rt_list.o)
                              C:/ProgramData/MATLAB/SupportPackages/R2018a/3P.instrset/cmsis.instrset/CMSIS/RTOS/RTX/LIB/GCC/libRTX_CM4.a(rt_cmsis.o) (rt_put_prio)
C:/ProgramData/MATLAB/SupportPackages/R2018a/3P.instrset/cmsis.instrset/CMSIS/RTOS/RTX/LIB/GCC/libRTX_CM4.a(rt_event.o)
                              C:/ProgramData/MATLAB/SupportPackages/R2018a/3P.instrset/cmsis.instrset/CMSIS/RTOS/RTX/LIB/GCC/libRTX_CM4.a(rt_cmsis.o) (rt_evt_wait)
C:/ProgramData/MATLAB/SupportPackages/R2018a/3P.instrset/cmsis.instrset/CMSIS/RTOS/RTX/LIB/GCC/libRTX_CM4.a(rt_system.o)
                              C:/ProgramData/MATLAB/SupportPackages/R2018a/3P.instrset/cmsis.instrset/CMSIS/RTOS/RTX/LIB/GCC/libRTX_CM4.a(rt_cmsis.o) (rt_suspend)
C:/ProgramData/MATLAB/SupportPackages/R2018a/3P.instrset/cmsis.instrset/CMSIS/RTOS/RTX/LIB/GCC/libRTX_CM4.a(rt_task.o)
                              C:/ProgramData/MATLAB/SupportPackages/R2018a/3P.instrset/cmsis.instrset/CMSIS/RTOS/RTX/LIB/GCC/libRTX_CM4.a(rt_system.o) (rt_switch_req)
C:/ProgramData/MATLAB/SupportPackages/R2018a/3P.instrset/cmsis.instrset/CMSIS/RTOS/RTX/LIB/GCC/libRTX_CM4.a(hal_cm4.o)
                              C:/ProgramData/MATLAB/SupportPackages/R2018a/3P.instrset/cmsis.instrset/CMSIS/RTOS/RTX/LIB/GCC/libRTX_CM4.a(rt_task.o) (rt_get_PSP)
C:/ProgramData/MATLAB/SupportPackages/R2018a/3P.instrset/cmsis.instrset/CMSIS/RTOS/RTX/LIB/GCC/libRTX_CM4.a(svc_table.o)
                              C:/ProgramData/MATLAB/SupportPackages/R2018a/3P.instrset/cmsis.instrset/CMSIS/RTOS/RTX/LIB/GCC/libRTX_CM4.a(hal_cm4.o) (SVC_Table)
C:/ProgramData/MATLAB/SupportPackages/R2018a/3P.instrset/cmsis.instrset/CMSIS/RTOS/RTX/LIB/GCC/libRTX_CM4.a(rt_robin.o)
                              C:/ProgramData/MATLAB/SupportPackages/R2018a/3P.instrset/cmsis.instrset/CMSIS/RTOS/RTX/LIB/GCC/libRTX_CM4.a(rt_system.o) (os_robin)
c:/progra~3/matlab/suppor~1/r2018a/3p778c~1.ins/gnuarm~1.ins/bin/../lib/gcc/arm-none-eabi/5.2.1/armv7e-m/fpu\libgcc.a(_aeabi_uldivmod.o)
                              C:/ProgramData/MATLAB/SupportPackages/R2018a/3P.instrset/cmsis.instrset/CMSIS/RTOS/RTX/LIB/GCC/libRTX_CM4.a(rt_cmsis.o) (__aeabi_uldivmod)
c:/progra~3/matlab/suppor~1/r2018a/3p778c~1.ins/gnuarm~1.ins/bin/../lib/gcc/arm-none-eabi/5.2.1/armv7e-m/fpu\libgcc.a(_udivmoddi4.o)
                              c:/progra~3/matlab/suppor~1/r2018a/3p778c~1.ins/gnuarm~1.ins/bin/../lib/gcc/arm-none-eabi/5.2.1/armv7e-m/fpu\libgcc.a(_aeabi_uldivmod.o) (__udivmoddi4)
[...]
Memory Configuration

Name             Origin             Length             Attributes
FLASH            0x08000000         0x00100000         xr
SRAM             0x20000000         0x00020000         xrw
CCMRAM           0x10000000         0x00010000         rw
BACKUPRAM        0x40024000         0x00001000         rw
*default*        0x00000000         0xffffffff

Linker script and memory map

LOAD c:/progra~3/matlab/suppor~1/r2018a/3p778c~1.ins/gnuarm~1.ins/bin/../lib/gcc/arm-none-eabi/5.2.1/armv7e-m/fpu/crti.o
LOAD c:/progra~3/matlab/suppor~1/r2018a/3p778c~1.ins/gnuarm~1.ins/bin/../lib/gcc/arm-none-eabi/5.2.1/armv7e-m/fpu/crtbegin.o
LOAD c:/progra~3/matlab/suppor~1/r2018a/3p778c~1.ins/gnuarm~1.ins/bin/../lib/gcc/arm-none-eabi/5.2.1/../../../../arm-none-eabi/lib/armv7e-m/fpu/crt0.o
LOAD pid_reg.o
LOAD blapp_support.o
LOAD startup_stm32f4xx.o
LOAD syscalls_stm32f4xx.o
LOAD stm32f4xx_init_board.o
LOAD system_stm32f4xx.o
LOAD cmsis_rtos_init.o
LOAD RTX_Conf_CM.o
LOAD mw_thread.o
LOAD mw_semaphore.o
LOAD mw_timer.o
LOAD mw_signal.o
LOAD ert_main.o
LOAD C:/ProgramData/MATLAB/SupportPackages/R2018a/3P.instrset/cmsis.instrset/CMSIS/Lib/GCC/libarm_cortexM4lf_math.a
LOAD C:/ProgramData/MATLAB/SupportPackages/R2018a/3P.instrset/cmsis.instrset/CMSIS/RTOS/RTX/LIB/GCC/libRTX_CM4.a
LOAD c:/progra~3/matlab/suppor~1/r2018a/3p778c~1.ins/gnuarm~1.ins/bin/../lib/gcc/arm-none-eabi/5.2.1/../../../../arm-none-eabi/lib/armv7e-m/fpu\libstdc++_nano.a
LOAD c:/progra~3/matlab/suppor~1/r2018a/3p778c~1.ins/gnuarm~1.ins/bin/../lib/gcc/arm-none-eabi/5.2.1/../../../../arm-none-eabi/lib/armv7e-m/fpu\libm.a
START GROUP
LOAD c:/progra~3/matlab/suppor~1/r2018a/3p778c~1.ins/gnuarm~1.ins/bin/../lib/gcc/arm-none-eabi/5.2.1/armv7e-m/fpu\libgcc.a
LOAD c:/progra~3/matlab/suppor~1/r2018a/3p778c~1.ins/gnuarm~1.ins/bin/../lib/gcc/arm-none-eabi/5.2.1/../../../../arm-none-eabi/lib/armv7e-m/fpu\libc_nano.a
END GROUP
START GROUP
LOAD c:/progra~3/matlab/suppor~1/r2018a/3p778c~1.ins/gnuarm~1.ins/bin/../lib/gcc/arm-none-eabi/5.2.1/armv7e-m/fpu\libgcc.a
LOAD c:/progra~3/matlab/suppor~1/r2018a/3p778c~1.ins/gnuarm~1.ins/bin/../lib/gcc/arm-none-eabi/5.2.1/../../../../arm-none-eabi/lib/armv7e-m/fpu\libc_nano.a
END GROUP
LOAD c:/progra~3/matlab/suppor~1/r2018a/3p778c~1.ins/gnuarm~1.ins/bin/../lib/gcc/arm-none-eabi/5.2.1/armv7e-m/fpu/crtend.o
LOAD c:/progra~3/matlab/suppor~1/r2018a/3p778c~1.ins/gnuarm~1.ins/bin/../lib/gcc/arm-none-eabi/5.2.1/armv7e-m/fpu/crtn.o

.text           0x08000000     0x2ab4
 *(.vectors)
 .vectors       0x08000000      0x188 startup_stm32f4xx.o
                0x08000000                g_pfnVectors
 *(.text*)
 .text          0x08000188       0xa4 c:/progra~3/matlab/suppor~1/r2018a/3p778c~1.ins/gnuarm~1.ins/bin/../lib/gcc/arm-none-eabi/5.2.1/armv7e-m/fpu/crtbegin.o
 .text          0x0800022c       0x74 c:/progra~3/matlab/suppor~1/r2018a/3p778c~1.ins/gnuarm~1.ins/bin/../lib/gcc/arm-none-eabi/5.2.1/../../../../arm-none-eabi/lib/armv7e-m/fpu/crt0.o
                0x0800022c                _start
                0x0800022c                _mainCRTStartup
 .text.pid_reg_step
                0x080002a0       0x10 pid_reg.o
                0x080002a0                pid_reg_step
 .text.pid_reg_initialize
                0x080002b0       0x18 pid_reg.o
                0x080002b0                pid_reg_initialize
 .text.pid_reg_terminate
                0x080002c8       0x10 pid_reg.o
                0x080002c8                pid_reg_terminate
 .text.bootloaderInit
                0x080002d8       0x10 blapp_support.o
                0x080002d8                bootloaderInit
 .text.Default_ResetHandler
                0x080002e8       0x60 startup_stm32f4xx.o
                0x080002e8                Reset_Handler
                0x080002e8                Default_ResetHandler
 .text.Default_Handler
                0x08000348        0x8 startup_stm32f4xx.o
                0x08000348                RTC_Alarm_IRQHandler
                0x08000348                HASH_RNG_IRQHandler
                0x08000348                EXTI2_IRQHandler
                0x08000348                TIM8_CC_IRQHandler
                0x08000348                DebugMon_Handler
                0x08000348                TIM1_CC_IRQHandler
                0x08000348                DMA2_Stream5_IRQHandler
                0x08000348                HardFault_Handler
                0x08000348                DMA1_Stream5_IRQHandler
                0x08000348                PVD_IRQHandler
                0x08000348                SDIO_IRQHandler
                0x08000348                TAMP_STAMP_IRQHandler
                0x08000348                NMI_Handler
                0x08000348                CAN2_RX1_IRQHandler
                0x08000348                EXTI3_IRQHandler
                0x08000348                TIM8_TRG_COM_TIM14_IRQHandler
                0x08000348                TIM1_UP_TIM10_IRQHandler
                0x08000348                TIM8_UP_TIM13_IRQHandler
                0x08000348                I2C3_ER_IRQHandler
                0x08000348                EXTI0_IRQHandler
                0x08000348                I2C2_EV_IRQHandler
                0x08000348                DMA1_Stream2_IRQHandler
                0x08000348                CAN1_RX0_IRQHandler
                0x08000348                FPU_IRQHandler
                0x08000348                OTG_HS_WKUP_IRQHandler
                0x08000348                UsageFault_Handler
                0x08000348                CAN2_SCE_IRQHandler
                0x08000348                DMA2_Stream2_IRQHandler
                0x08000348                SPI1_IRQHandler
                0x08000348                TIM6_DAC_IRQHandler
                0x08000348                TIM1_BRK_TIM9_IRQHandler
                0x08000348                DCMI_IRQHandler
                0x08000348                CAN2_RX0_IRQHandler
                0x08000348                DMA2_Stream3_IRQHandler
                0x08000348                USART6_IRQHandler
                0x08000348                USART3_IRQHandler
                0x08000348                CRYP_IRQHandler
                0x08000348                CAN1_RX1_IRQHandler
                0x08000348                UART5_IRQHandler
                0x08000348                DMA2_Stream0_IRQHandler
                0x08000348                TIM4_IRQHandler
                0x08000348                I2C1_EV_IRQHandler
                0x08000348                DMA1_Stream6_IRQHandler
                0x08000348                DMA1_Stream1_IRQHandler
                0x08000348                UART4_IRQHandler
                0x08000348                TIM3_IRQHandler
                0x08000348                RCC_IRQHandler
                0x08000348                TIM8_BRK_TIM12_IRQHandler
                0x08000348                EXTI15_10_IRQHandler
                0x08000348                ADC_IRQHandler
                0x08000348                DMA1_Stream7_IRQHandler
                0x08000348                TIM7_IRQHandler
                0x08000348                CAN2_TX_IRQHandler
                0x08000348                TIM5_IRQHandler
                0x08000348                DMA2_Stream7_IRQHandler
                0x08000348                I2C3_EV_IRQHandler
                0x08000348                EXTI9_5_IRQHandler
                0x08000348                RTC_WKUP_IRQHandler
                0x08000348                ETH_WKUP_IRQHandler
                0x08000348                SPI2_IRQHandler
                0x08000348                OTG_HS_EP1_IN_IRQHandler
                0x08000348                MemManage_Handler
                0x08000348                DMA1_Stream0_IRQHandler
                0x08000348                CAN1_TX_IRQHandler
                0x08000348                EXTI4_IRQHandler
                0x08000348                FSMC_IRQHandler
                0x08000348                ETH_IRQHandler
                0x08000348                OTG_HS_EP1_OUT_IRQHandler
                0x08000348                WWDG_IRQHandler
                0x08000348                TIM2_IRQHandler
                0x08000348                OTG_FS_WKUP_IRQHandler
                0x08000348                TIM1_TRG_COM_TIM11_IRQHandler
                0x08000348                OTG_HS_IRQHandler
                0x08000348                EXTI1_IRQHandler
                0x08000348                USART2_IRQHandler
                0x08000348                I2C2_ER_IRQHandler
                0x08000348                DMA2_Stream1_IRQHandler
                0x08000348                CAN1_SCE_IRQHandler
                0x08000348                FLASH_IRQHandler
                0x08000348                DMA2_Stream4_IRQHandler
                0x08000348                BusFault_Handler
                0x08000348                USART1_IRQHandler
                0x08000348                OTG_FS_IRQHandler
                0x08000348                SPI3_IRQHandler
                0x08000348                DMA1_Stream4_IRQHandler
                0x08000348                I2C1_ER_IRQHandler
                0x08000348                DMA2_Stream6_IRQHandler
                0x08000348                DMA1_Stream3_IRQHandler
 .text._exit    0x08000350        0xc syscalls_stm32f4xx.o
                0x08000350                _exit
 .text.NVIC_SetPriority
                0x0800035c       0x54 stm32f4xx_init_board.o
 .text.stm32f4xx_init_board
                0x080003b0       0x24 stm32f4xx_init_board.o
                0x080003b0                stm32f4xx_init_board
 .text.SystemInit
                0x080003d4       0x6c system_stm32f4xx.o
                0x080003d4                SystemInit
 .text.SystemCoreClockUpdate
                0x08000440       0xfc system_stm32f4xx.o
                0x08000440                SystemCoreClockUpdate
 .text.SetSysClock
                0x0800053c       0xf8 system_stm32f4xx.o
 .text.schedulerTask
                0x08000634       0x1c cmsis_rtos_init.o
                0x08000634                schedulerTask
 .text.mw_initSignalEvents
                0x08000650       0x40 cmsis_rtos_init.o
                0x08000650                mw_initSignalEvents
 .text.baseRateTaskWrapper
                0x08000690       0x18 cmsis_rtos_init.o
                0x08000690                baseRateTaskWrapper
 .text.mw_RTOSInit
                0x080006a8       0x84 cmsis_rtos_init.o
                0x080006a8                mw_RTOSInit
 .text.os_idle_demon
                0x0800072c        0x8 RTX_Conf_CM.o
                0x0800072c                os_idle_demon
 .text.os_error
                0x08000734       0x34 RTX_Conf_CM.o
                0x08000734                os_error
 .text.rt_init_robin
                0x08000768        0x4 RTX_Conf_CM.o
                0x08000768                rt_init_robin
 .text.rt_chk_robin
                0x0800076c        0x4 RTX_Conf_CM.o
                0x0800076c                rt_chk_robin
 .text.software_init_hook
                0x08000770       0x34 RTX_Conf_CM.o
                0x08000770                software_init_hook
 .text.mw_osThreadCreate
                0x080007a4       0x54 mw_thread.o
                0x080007a4                mw_osThreadCreate
 .text.mw_osThreadGetId
                0x080007f8       0x10 mw_thread.o
                0x080007f8                mw_osThreadGetId
 .text.mw_osThreadExit
                0x08000808       0x20 mw_thread.o
                0x08000808                mw_osThreadExit
 .text.mw_osTimerCreate
                0x08000828       0x50 mw_timer.o
                0x08000828                mw_osTimerCreate
 .text.mw_osTimerStart
                0x08000878       0x24 mw_timer.o
                0x08000878                mw_osTimerStart
 .text.mw_osSignalSet
                0x0800089c       0x2c mw_signal.o
                0x0800089c                mw_osSignalSet
 .text.mw_osSignalClear
                0x080008c8       0x28 mw_signal.o
                0x080008c8                mw_osSignalClear
 .text.mw_osSignalWaitEver
                0x080008f0       0x20 mw_signal.o
                0x080008f0                mw_osSignalWaitEver
 .text.mw_osSignalEventCreate
                0x08000910       0x20 mw_signal.o
                0x08000910                mw_osSignalEventCreate
 .text.mw_osSignalEventRelease
                0x08000930       0x28 mw_signal.o
                0x08000930                mw_osSignalEventRelease
 .text.mw_osSignalEventWaitEver
                0x08000958       0x34 mw_signal.o
                0x08000958                mw_osSignalEventWaitEver
 .text.baseRateTask
                0x0800098c       0x90 ert_main.o
                0x0800098c                baseRateTask
 .text.terminateTask
                0x08000a1c       0x34 ert_main.o
                0x08000a1c                terminateTask
 .text.main     0x08000a50       0x4c ert_main.o
                0x08000a50                main
 .text.osThreadExit
                0x08000a9c       0x18 C:/ProgramData/MATLAB/SupportPackages/R2018a/3P.instrset/cmsis.instrset/CMSIS/RTOS/RTX/LIB/GCC/libRTX_CM4.a(rt_cmsis.o)
                0x08000a9c                osThreadExit
 .text.svcKernelInitialize
                0x08000ab4      0x104 C:/ProgramData/MATLAB/SupportPackages/R2018a/3P.instrset/cmsis.instrset/CMSIS/RTOS/RTX/LIB/GCC/libRTX_CM4.a(rt_cmsis.o)
                0x08000ab4                svcKernelInitialize
 .text.svcKernelStart
                0x08000bb8       0x4c C:/ProgramData/MATLAB/SupportPackages/R2018a/3P.instrset/cmsis.instrset/CMSIS/RTOS/RTX/LIB/GCC/libRTX_CM4.a(rt_cmsis.o)
                0x08000bb8                svcKernelStart
 .text.osKernelInitialize
                0x08000c04       0x28 C:/ProgramData/MATLAB/SupportPackages/R2018a/3P.instrset/cmsis.instrset/CMSIS/RTOS/RTX/LIB/GCC/libRTX_CM4.a(rt_cmsis.o)
                0x08000c04                osKernelInitialize
 .text.osKernelStart
                0x08000c2c       0x70 C:/ProgramData/MATLAB/SupportPackages/R2018a/3P.instrset/cmsis.instrset/CMSIS/RTOS/RTX/LIB/GCC/libRTX_CM4.a(rt_cmsis.o)
                0x08000c2c                osKernelStart
 .text.svcThreadCreate
                0x08000c9c       0x84 C:/ProgramData/MATLAB/SupportPackages/R2018a/3P.instrset/cmsis.instrset/CMSIS/RTOS/RTX/LIB/GCC/libRTX_CM4.a(rt_cmsis.o)
                0x08000c9c                svcThreadCreate
 .text.svcThreadGetId
                0x08000d20       0x18 C:/ProgramData/MATLAB/SupportPackages/R2018a/3P.instrset/cmsis.instrset/CMSIS/RTOS/RTX/LIB/GCC/libRTX_CM4.a(rt_cmsis.o)
                0x08000d20                svcThreadGetId
 .text.svcThreadTerminate
                0x08000d38       0x40 C:/ProgramData/MATLAB/SupportPackages/R2018a/3P.instrset/cmsis.instrset/CMSIS/RTOS/RTX/LIB/GCC/libRTX_CM4.a(rt_cmsis.o)
                0x08000d38                svcThreadTerminate
 .text.osThreadCreate
                0x08000d78       0xa4 C:/ProgramData/MATLAB/SupportPackages/R2018a/3P.instrset/cmsis.instrset/CMSIS/RTOS/RTX/LIB/GCC/libRTX_CM4.a(rt_cmsis.o)
                0x08000d78                osThreadCreate
 .text.osThreadGetId
                0x08000e1c       0x18 C:/ProgramData/MATLAB/SupportPackages/R2018a/3P.instrset/cmsis.instrset/CMSIS/RTOS/RTX/LIB/GCC/libRTX_CM4.a(rt_cmsis.o)
                0x08000e1c                osThreadGetId
 .text.osThreadTerminate
                0x08000e34       0x18 C:/ProgramData/MATLAB/SupportPackages/R2018a/3P.instrset/cmsis.instrset/CMSIS/RTOS/RTX/LIB/GCC/libRTX_CM4.a(rt_cmsis.o)
                0x08000e34                osThreadTerminate
 .text.svcTimerCreate
                0x08000e4c       0x3c C:/ProgramData/MATLAB/SupportPackages/R2018a/3P.instrset/cmsis.instrset/CMSIS/RTOS/RTX/LIB/GCC/libRTX_CM4.a(rt_cmsis.o)
                0x08000e4c                svcTimerCreate
 .text.svcTimerStart
                0x08000e88       0xc8 C:/ProgramData/MATLAB/SupportPackages/R2018a/3P.instrset/cmsis.instrset/CMSIS/RTOS/RTX/LIB/GCC/libRTX_CM4.a(rt_cmsis.o)
                0x08000e88                svcTimerStart
 .text.svcTimerCall
                0x08000f50       0x18 C:/ProgramData/MATLAB/SupportPackages/R2018a/3P.instrset/cmsis.instrset/CMSIS/RTOS/RTX/LIB/GCC/libRTX_CM4.a(rt_cmsis.o)
                0x08000f50                svcTimerCall
 .text.sysTimerTick
                0x08000f68       0xa8 C:/ProgramData/MATLAB/SupportPackages/R2018a/3P.instrset/cmsis.instrset/CMSIS/RTOS/RTX/LIB/GCC/libRTX_CM4.a(rt_cmsis.o)
                0x08000f68                sysTimerTick
 .text.osTimerCreate
                0x08001010       0x64 C:/ProgramData/MATLAB/SupportPackages/R2018a/3P.instrset/cmsis.instrset/CMSIS/RTOS/RTX/LIB/GCC/libRTX_CM4.a(rt_cmsis.o)
                0x08001010                osTimerCreate
 .text.osTimerStart
                0x08001074       0x18 C:/ProgramData/MATLAB/SupportPackages/R2018a/3P.instrset/cmsis.instrset/CMSIS/RTOS/RTX/LIB/GCC/libRTX_CM4.a(rt_cmsis.o)
                0x08001074                osTimerStart
 .text.osTimerThread
                0x0800108c       0x40 C:/ProgramData/MATLAB/SupportPackages/R2018a/3P.instrset/cmsis.instrset/CMSIS/RTOS/RTX/LIB/GCC/libRTX_CM4.a(rt_cmsis.o)
                0x0800108c                osTimerThread
 .text.svcSignalSet
                0x080010cc       0x28 C:/ProgramData/MATLAB/SupportPackages/R2018a/3P.instrset/cmsis.instrset/CMSIS/RTOS/RTX/LIB/GCC/libRTX_CM4.a(rt_cmsis.o)
                0x080010cc                svcSignalSet
 .text.svcSignalClear
                0x080010f4       0x28 C:/ProgramData/MATLAB/SupportPackages/R2018a/3P.instrset/cmsis.instrset/CMSIS/RTOS/RTX/LIB/GCC/libRTX_CM4.a(rt_cmsis.o)
                0x080010f4                svcSignalClear
 .text.svcSignalWait
                0x0800111c       0xf4 C:/ProgramData/MATLAB/SupportPackages/R2018a/3P.instrset/cmsis.instrset/CMSIS/RTOS/RTX/LIB/GCC/libRTX_CM4.a(rt_cmsis.o)
                0x0800111c                svcSignalWait
 .text.osSignalSet
                0x08001210       0x3c C:/ProgramData/MATLAB/SupportPackages/R2018a/3P.instrset/cmsis.instrset/CMSIS/RTOS/RTX/LIB/GCC/libRTX_CM4.a(rt_cmsis.o)
                0x08001210                osSignalSet
 .text.osSignalClear
                0x0800124c       0x1c C:/ProgramData/MATLAB/SupportPackages/R2018a/3P.instrset/cmsis.instrset/CMSIS/RTOS/RTX/LIB/GCC/libRTX_CM4.a(rt_cmsis.o)
                0x0800124c                osSignalClear
 .text.osSignalWait
                0x08001268       0x28 C:/ProgramData/MATLAB/SupportPackages/R2018a/3P.instrset/cmsis.instrset/CMSIS/RTOS/RTX/LIB/GCC/libRTX_CM4.a(rt_cmsis.o)
                0x08001268                osSignalWait
 .text.svcMessageGet
                0x08001290       0xa4 C:/ProgramData/MATLAB/SupportPackages/R2018a/3P.instrset/cmsis.instrset/CMSIS/RTOS/RTX/LIB/GCC/libRTX_CM4.a(rt_cmsis.o)
                0x08001290                svcMessageGet
 .text.rt_init_stack
                0x08001334       0xa4 C:/ProgramData/MATLAB/SupportPackages/R2018a/3P.instrset/cmsis.instrset/CMSIS/RTOS/RTX/LIB/GCC/libRTX_CM4.a(hal_cm.o)
                0x08001334                rt_init_stack
 .text.rt_ret_val
                0x080013d8       0x14 C:/ProgramData/MATLAB/SupportPackages/R2018a/3P.instrset/cmsis.instrset/CMSIS/RTOS/RTX/LIB/GCC/libRTX_CM4.a(hal_cm.o)
                0x080013d8                rt_ret_val
 .text.rt_ret_val2
                0x080013ec       0x24 C:/ProgramData/MATLAB/SupportPackages/R2018a/3P.instrset/cmsis.instrset/CMSIS/RTOS/RTX/LIB/GCC/libRTX_CM4.a(hal_cm.o)
                0x080013ec                rt_ret_val2
 .text.dbg_init
                0x08001410       0x34 C:/ProgramData/MATLAB/SupportPackages/R2018a/3P.instrset/cmsis.instrset/CMSIS/RTOS/RTX/LIB/GCC/libRTX_CM4.a(hal_cm.o)
                0x08001410                dbg_init
 .text.dbg_task_notify
                0x08001444       0x2c C:/ProgramData/MATLAB/SupportPackages/R2018a/3P.instrset/cmsis.instrset/CMSIS/RTOS/RTX/LIB/GCC/libRTX_CM4.a(hal_cm.o)
                0x08001444                dbg_task_notify
 .text.dbg_task_switch
                0x08001470       0x14 C:/ProgramData/MATLAB/SupportPackages/R2018a/3P.instrset/cmsis.instrset/CMSIS/RTOS/RTX/LIB/GCC/libRTX_CM4.a(hal_cm.o)
                0x08001470                dbg_task_switch
 .text.rt_init_mem
                0x08001484       0x1c C:/ProgramData/MATLAB/SupportPackages/R2018a/3P.instrset/cmsis.instrset/CMSIS/RTOS/RTX/LIB/GCC/libRTX_CM4.a(rt_memory.o)
                0x08001484                rt_init_mem
 .text.rt_alloc_mem
                0x080014a0       0x50 C:/ProgramData/MATLAB/SupportPackages/R2018a/3P.instrset/cmsis.instrset/CMSIS/RTOS/RTX/LIB/GCC/libRTX_CM4.a(rt_memory.o)
                0x080014a0                rt_alloc_mem
 .text.rt_free_mem
                0x080014f0       0x30 C:/ProgramData/MATLAB/SupportPackages/R2018a/3P.instrset/cmsis.instrset/CMSIS/RTOS/RTX/LIB/GCC/libRTX_CM4.a(rt_memory.o)
                0x080014f0                rt_free_mem
 .text._init_box
                0x08001520       0x58 C:/ProgramData/MATLAB/SupportPackages/R2018a/3P.instrset/cmsis.instrset/CMSIS/RTOS/RTX/LIB/GCC/libRTX_CM4.a(rt_membox.o)
                0x08001520                _init_box
 .text.rt_alloc_box
                0x08001578       0x1c C:/ProgramData/MATLAB/SupportPackages/R2018a/3P.instrset/cmsis.instrset/CMSIS/RTOS/RTX/LIB/GCC/libRTX_CM4.a(rt_membox.o)
                0x08001578                rt_alloc_box
 .text.rt_free_box
                0x08001594       0x28 C:/ProgramData/MATLAB/SupportPackages/R2018a/3P.instrset/cmsis.instrset/CMSIS/RTOS/RTX/LIB/GCC/libRTX_CM4.a(rt_membox.o)
                0x08001594                rt_free_box
 .text.rt_sem_psh
                0x080015bc       0x34 C:/ProgramData/MATLAB/SupportPackages/R2018a/3P.instrset/cmsis.instrset/CMSIS/RTOS/RTX/LIB/GCC/libRTX_CM4.a(rt_semaphore.o)
                0x080015bc                rt_sem_psh
 .text.rt_mbx_init
                0x080015f0       0x1c C:/ProgramData/MATLAB/SupportPackages/R2018a/3P.instrset/cmsis.instrset/CMSIS/RTOS/RTX/LIB/GCC/libRTX_CM4.a(rt_mailbox.o)
                0x080015f0                rt_mbx_init
 .text.rt_mbx_wait
                0x0800160c       0xa8 C:/ProgramData/MATLAB/SupportPackages/R2018a/3P.instrset/cmsis.instrset/CMSIS/RTOS/RTX/LIB/GCC/libRTX_CM4.a(rt_mailbox.o)
                0x0800160c                rt_mbx_wait
 .text.rt_mbx_check
                0x080016b4        0x8 C:/ProgramData/MATLAB/SupportPackages/R2018a/3P.instrset/cmsis.instrset/CMSIS/RTOS/RTX/LIB/GCC/libRTX_CM4.a(rt_mailbox.o)
                0x080016b4                rt_mbx_check
 .text.isr_mbx_send
                0x080016bc       0x10 C:/ProgramData/MATLAB/SupportPackages/R2018a/3P.instrset/cmsis.instrset/CMSIS/RTOS/RTX/LIB/GCC/libRTX_CM4.a(rt_mailbox.o)
                0x080016bc                isr_mbx_send
 .text.rt_mbx_psh
                0x080016cc       0xe4 C:/ProgramData/MATLAB/SupportPackages/R2018a/3P.instrset/cmsis.instrset/CMSIS/RTOS/RTX/LIB/GCC/libRTX_CM4.a(rt_mailbox.o)
                0x080016cc                rt_mbx_psh
 .text.rt_put_prio
                0x080017b0       0x58 C:/ProgramData/MATLAB/SupportPackages/R2018a/3P.instrset/cmsis.instrset/CMSIS/RTOS/RTX/LIB/GCC/libRTX_CM4.a(rt_list.o)
                0x080017b0                rt_put_prio
 .text.rt_get_first
                0x08001808       0x28 C:/ProgramData/MATLAB/SupportPackages/R2018a/3P.instrset/cmsis.instrset/CMSIS/RTOS/RTX/LIB/GCC/libRTX_CM4.a(rt_list.o)
                0x08001808                rt_get_first
 .text.rt_put_rdy_first
                0x08001830       0x14 C:/ProgramData/MATLAB/SupportPackages/R2018a/3P.instrset/cmsis.instrset/CMSIS/RTOS/RTX/LIB/GCC/libRTX_CM4.a(rt_list.o)
                0x08001830                rt_put_rdy_first
 .text.rt_resort_prio
                0x08001844       0x98 C:/ProgramData/MATLAB/SupportPackages/R2018a/3P.instrset/cmsis.instrset/CMSIS/RTOS/RTX/LIB/GCC/libRTX_CM4.a(rt_list.o)
                0x08001844                rt_resort_prio
 .text.rt_put_dly
                0x080018dc       0x60 C:/ProgramData/MATLAB/SupportPackages/R2018a/3P.instrset/cmsis.instrset/CMSIS/RTOS/RTX/LIB/GCC/libRTX_CM4.a(rt_list.o)
                0x080018dc                rt_put_dly
 .text.rt_dec_dly
                0x0800193c       0xdc C:/ProgramData/MATLAB/SupportPackages/R2018a/3P.instrset/cmsis.instrset/CMSIS/RTOS/RTX/LIB/GCC/libRTX_CM4.a(rt_list.o)
                0x0800193c                rt_dec_dly
 .text.rt_rmv_list
                0x08001a18       0x2c C:/ProgramData/MATLAB/SupportPackages/R2018a/3P.instrset/cmsis.instrset/CMSIS/RTOS/RTX/LIB/GCC/libRTX_CM4.a(rt_list.o)
                0x08001a18                rt_rmv_list
 .text.rt_rmv_dly
                0x08001a44       0x2c C:/ProgramData/MATLAB/SupportPackages/R2018a/3P.instrset/cmsis.instrset/CMSIS/RTOS/RTX/LIB/GCC/libRTX_CM4.a(rt_list.o)
                0x08001a44                rt_rmv_dly
 .text.rt_psq_enq
                0x08001a70       0x44 C:/ProgramData/MATLAB/SupportPackages/R2018a/3P.instrset/cmsis.instrset/CMSIS/RTOS/RTX/LIB/GCC/libRTX_CM4.a(rt_list.o)
                0x08001a70                rt_psq_enq
 .text.rt_evt_wait
                0x08001ab4       0x48 C:/ProgramData/MATLAB/SupportPackages/R2018a/3P.instrset/cmsis.instrset/CMSIS/RTOS/RTX/LIB/GCC/libRTX_CM4.a(rt_event.o)
                0x08001ab4                rt_evt_wait
 .text.rt_evt_set
                0x08001afc       0x5c C:/ProgramData/MATLAB/SupportPackages/R2018a/3P.instrset/cmsis.instrset/CMSIS/RTOS/RTX/LIB/GCC/libRTX_CM4.a(rt_event.o)
                0x08001afc                rt_evt_set
 .text.rt_evt_clr
                0x08001b58       0x18 C:/ProgramData/MATLAB/SupportPackages/R2018a/3P.instrset/cmsis.instrset/CMSIS/RTOS/RTX/LIB/GCC/libRTX_CM4.a(rt_event.o)
                0x08001b58                rt_evt_clr
 .text.isr_evt_set
                0x08001b70       0x24 C:/ProgramData/MATLAB/SupportPackages/R2018a/3P.instrset/cmsis.instrset/CMSIS/RTOS/RTX/LIB/GCC/libRTX_CM4.a(rt_event.o)
                0x08001b70                isr_evt_set
 .text.rt_evt_psh
                0x08001b94       0x54 C:/ProgramData/MATLAB/SupportPackages/R2018a/3P.instrset/cmsis.instrset/CMSIS/RTOS/RTX/LIB/GCC/libRTX_CM4.a(rt_event.o)
                0x08001b94                rt_evt_psh
 .text.rt_psh_req
                0x08001be8       0x20 C:/ProgramData/MATLAB/SupportPackages/R2018a/3P.instrset/cmsis.instrset/CMSIS/RTOS/RTX/LIB/GCC/libRTX_CM4.a(rt_system.o)
                0x08001be8                rt_psh_req
 .text.rt_pop_req
                0x08001c08       0x78 C:/ProgramData/MATLAB/SupportPackages/R2018a/3P.instrset/cmsis.instrset/CMSIS/RTOS/RTX/LIB/GCC/libRTX_CM4.a(rt_system.o)
                0x08001c08                rt_pop_req
 .text.os_tick_init
                0x08001c80       0x40 C:/ProgramData/MATLAB/SupportPackages/R2018a/3P.instrset/cmsis.instrset/CMSIS/RTOS/RTX/LIB/GCC/libRTX_CM4.a(rt_system.o)
                0x08001c80                os_tick_init
 .text.os_tick_irqack
                0x08001cc0        0x4 C:/ProgramData/MATLAB/SupportPackages/R2018a/3P.instrset/cmsis.instrset/CMSIS/RTOS/RTX/LIB/GCC/libRTX_CM4.a(rt_system.o)
                0x08001cc0                os_tick_irqack
 .text.rt_systick
                0x08001cc4       0x3c C:/ProgramData/MATLAB/SupportPackages/R2018a/3P.instrset/cmsis.instrset/CMSIS/RTOS/RTX/LIB/GCC/libRTX_CM4.a(rt_system.o)
                0x08001cc4                rt_systick
 .text.rt_stk_check
                0x08001d00       0x24 C:/ProgramData/MATLAB/SupportPackages/R2018a/3P.instrset/cmsis.instrset/CMSIS/RTOS/RTX/LIB/GCC/libRTX_CM4.a(rt_system.o)
                0x08001d00                rt_stk_check
 .text.rt_switch_req
                0x08001d24       0x24 C:/ProgramData/MATLAB/SupportPackages/R2018a/3P.instrset/cmsis.instrset/CMSIS/RTOS/RTX/LIB/GCC/libRTX_CM4.a(rt_task.o)
                0x08001d24                rt_switch_req
 .text.rt_dispatch
                0x08001d48       0x7c C:/ProgramData/MATLAB/SupportPackages/R2018a/3P.instrset/cmsis.instrset/CMSIS/RTOS/RTX/LIB/GCC/libRTX_CM4.a(rt_task.o)
                0x08001d48                rt_dispatch
 .text.rt_block
                0x08001dc4       0x50 C:/ProgramData/MATLAB/SupportPackages/R2018a/3P.instrset/cmsis.instrset/CMSIS/RTOS/RTX/LIB/GCC/libRTX_CM4.a(rt_task.o)
                0x08001dc4                rt_block
 .text.rt_tsk_self
                0x08001e14       0x10 C:/ProgramData/MATLAB/SupportPackages/R2018a/3P.instrset/cmsis.instrset/CMSIS/RTOS/RTX/LIB/GCC/libRTX_CM4.a(rt_task.o)
                0x08001e14                rt_tsk_self
 .text.rt_tsk_prio
                0x08001e24       0xf8 C:/ProgramData/MATLAB/SupportPackages/R2018a/3P.instrset/cmsis.instrset/CMSIS/RTOS/RTX/LIB/GCC/libRTX_CM4.a(rt_task.o)
                0x08001e24                rt_tsk_prio
 .text.rt_tsk_create
                0x08001f1c      0x10c C:/ProgramData/MATLAB/SupportPackages/R2018a/3P.instrset/cmsis.instrset/CMSIS/RTOS/RTX/LIB/GCC/libRTX_CM4.a(rt_task.o)
                0x08001f1c                rt_tsk_create
 .text.rt_tsk_delete
                0x08002028      0x1c0 C:/ProgramData/MATLAB/SupportPackages/R2018a/3P.instrset/cmsis.instrset/CMSIS/RTOS/RTX/LIB/GCC/libRTX_CM4.a(rt_task.o)
                0x08002028                rt_tsk_delete
 .text.rt_sys_init
                0x080021e8       0xec C:/ProgramData/MATLAB/SupportPackages/R2018a/3P.instrset/cmsis.instrset/CMSIS/RTOS/RTX/LIB/GCC/libRTX_CM4.a(rt_task.o)
                0x080021e8                rt_sys_init
 .text.rt_sys_start
                0x080022d4       0x8c C:/ProgramData/MATLAB/SupportPackages/R2018a/3P.instrset/cmsis.instrset/CMSIS/RTOS/RTX/LIB/GCC/libRTX_CM4.a(rt_task.o)
                0x080022d4                rt_sys_start
 .text          0x08002360      0x198 C:/ProgramData/MATLAB/SupportPackages/R2018a/3P.instrset/cmsis.instrset/CMSIS/RTOS/RTX/LIB/GCC/libRTX_CM4.a(hal_cm4.o)
                0x08002360                rt_set_PSP
                0x08002366                rt_get_PSP
                0x0800236c                os_set_env
                0x08002384                _alloc_box
                0x080023a0                _free_box
                0x080023bc                SVC_Handler
                0x08002462                PendSV_Handler
                0x08002468                Sys_Switch
                0x080024c2                SysTick_Handler
                0x080024cc                OS_Tick_Handler
 .text          0x080024f8       0x30 c:/progra~3/matlab/suppor~1/r2018a/3p778c~1.ins/gnuarm~1.ins/bin/../lib/gcc/arm-none-eabi/5.2.1/armv7e-m/fpu\libgcc.a(_aeabi_uldivmod.o)
                0x080024f8                __aeabi_uldivmod
 .text          0x08002528      0x2e4 c:/progra~3/matlab/suppor~1/r2018a/3p778c~1.ins/gnuarm~1.ins/bin/../lib/gcc/arm-none-eabi/5.2.1/armv7e-m/fpu\libgcc.a(_udivmoddi4.o)
                0x08002528                __udivmoddi4
 .text          0x0800280c        0x4 c:/progra~3/matlab/suppor~1/r2018a/3p778c~1.ins/gnuarm~1.ins/bin/../lib/gcc/arm-none-eabi/5.2.1/armv7e-m/fpu\libgcc.a(_dvmd_tls.o)
                0x0800280c                __aeabi_idiv0
                0x0800280c                __aeabi_ldiv0
 .text.atexit   0x08002810        0xc c:/progra~3/matlab/suppor~1/r2018a/3p778c~1.ins/gnuarm~1.ins/bin/../lib/gcc/arm-none-eabi/5.2.1/../../../../arm-none-eabi/lib/armv7e-m/fpu\libc_nano.a(lib_a-atexit.o)
                0x08002810                atexit
 .text.exit     0x0800281c       0x28 c:/progra~3/matlab/suppor~1/r2018a/3p778c~1.ins/gnuarm~1.ins/bin/../lib/gcc/arm-none-eabi/5.2.1/../../../../arm-none-eabi/lib/armv7e-m/fpu\libc_nano.a(lib_a-exit.o)
                0x0800281c                exit
 .text.__libc_fini_array
                0x08002844       0x28 c:/progra~3/matlab/suppor~1/r2018a/3p778c~1.ins/gnuarm~1.ins/bin/../lib/gcc/arm-none-eabi/5.2.1/../../../../arm-none-eabi/lib/armv7e-m/fpu\libc_nano.a(lib_a-fini.o)
                0x08002844                __libc_fini_array
 .text.__libc_init_array
                0x0800286c       0x4c c:/progra~3/matlab/suppor~1/r2018a/3p778c~1.ins/gnuarm~1.ins/bin/../lib/gcc/arm-none-eabi/5.2.1/../../../../arm-none-eabi/lib/armv7e-m/fpu\libc_nano.a(lib_a-init.o)
                0x0800286c                __libc_init_array
 .text.memset   0x080028b8       0x10 c:/progra~3/matlab/suppor~1/r2018a/3p778c~1.ins/gnuarm~1.ins/bin/../lib/gcc/arm-none-eabi/5.2.1/../../../../arm-none-eabi/lib/armv7e-m/fpu\libc_nano.a(lib_a-memset.o)
                0x080028b8                memset
 .text.__register_exitproc
                0x080028c8       0xb8 c:/progra~3/matlab/suppor~1/r2018a/3p778c~1.ins/gnuarm~1.ins/bin/../lib/gcc/arm-none-eabi/5.2.1/../../../../arm-none-eabi/lib/armv7e-m/fpu\libc_nano.a(lib_a-__atexit.o)
                0x080028c8                __register_exitproc
 .text.__call_exitprocs
                0x08002980       0xd4 c:/progra~3/matlab/suppor~1/r2018a/3p778c~1.ins/gnuarm~1.ins/bin/../lib/gcc/arm-none-eabi/5.2.1/../../../../arm-none-eabi/lib/armv7e-m/fpu\libc_nano.a(lib_a-__call_atexit.o)
                0x08002980                __call_exitprocs
 *(.init)
 .init          0x08002a54        0x4 c:/progra~3/matlab/suppor~1/r2018a/3p778c~1.ins/gnuarm~1.ins/bin/../lib/gcc/arm-none-eabi/5.2.1/armv7e-m/fpu/crti.o
                0x08002a54                _init
 .init          0x08002a58        0x8 c:/progra~3/matlab/suppor~1/r2018a/3p778c~1.ins/gnuarm~1.ins/bin/../lib/gcc/arm-none-eabi/5.2.1/armv7e-m/fpu/crtn.o
 *(.fini)
 .fini          0x08002a60        0x4 c:/progra~3/matlab/suppor~1/r2018a/3p778c~1.ins/gnuarm~1.ins/bin/../lib/gcc/arm-none-eabi/5.2.1/armv7e-m/fpu/crti.o
                0x08002a60                _fini
 .fini          0x08002a64        0x8 c:/progra~3/matlab/suppor~1/r2018a/3p778c~1.ins/gnuarm~1.ins/bin/../lib/gcc/arm-none-eabi/5.2.1/armv7e-m/fpu/crtn.o
 *crtbegin.o(.ctors)
 *crtbegin?.o(.ctors)
 *(EXCLUDE_FILE(*crtend.o *crtend?.o) .ctors)
 *(SORT(.ctors.*))
 *(.ctors)
 *crtbegin.o(.dtors)
 *crtbegin?.o(.dtors)
 *(EXCLUDE_FILE(*crtend.o *crtend?.o) .dtors)
 *(SORT(.dtors.*))
 *(.dtors)
 *(.rodata*)
 .rodata.pid_reg_M
                0x08002a6c        0x4 pid_reg.o
                0x08002a6c                pid_reg_M
 .rodata.os_maxtaskrun
                0x08002a70        0x2 RTX_Conf_CM.o
                0x08002a70                os_maxtaskrun
 *fill*         0x08002a72        0x2 
 .rodata.os_stackinfo
                0x08002a74        0x4 RTX_Conf_CM.o
                0x08002a74                os_stackinfo
 .rodata.os_trv
                0x08002a78        0x4 RTX_Conf_CM.o
                0x08002a78                os_trv
 .rodata.os_flags
                0x08002a7c        0x1 RTX_Conf_CM.o
                0x08002a7c                os_flags
 *fill*         0x08002a7d        0x3 
 .rodata.os_clockrate
                0x08002a80        0x4 RTX_Conf_CM.o
                0x08002a80                os_clockrate
 .rodata.mp_tcb_size
                0x08002a84        0x2 RTX_Conf_CM.o
                0x08002a84                mp_tcb_size
 *fill*         0x08002a86        0x2 
 .rodata.mp_stk_size
                0x08002a88        0x4 RTX_Conf_CM.o
                0x08002a88                mp_stk_size
 .rodata.os_stack_sz
                0x08002a8c        0x4 RTX_Conf_CM.o
                0x08002a8c                os_stack_sz
 .rodata.os_fifo_size
                0x08002a90        0x1 RTX_Conf_CM.o
                0x08002a90                os_fifo_size
 *fill*         0x08002a91        0x3 
 .rodata.os_thread_def_osTimerThread
                0x08002a94       0x10 RTX_Conf_CM.o
                0x08002a94                os_thread_def_osTimerThread
 .rodata.os_messageQ_def_osTimerMessageQ
                0x08002aa4        0x8 RTX_Conf_CM.o
                0x08002aa4                os_messageQ_def_osTimerMessageQ
 .rodata.mp_tmr_size
                0x08002aac        0x2 RTX_Conf_CM.o
                0x08002aac                mp_tmr_size
 .rodata.str1.1
                0x08002aae        0x2 c:/progra~3/matlab/suppor~1/r2018a/3p778c~1.ins/gnuarm~1.ins/bin/../lib/gcc/arm-none-eabi/5.2.1/../../../../arm-none-eabi/lib/armv7e-m/fpu\libc_nano.a(lib_a-impure.o)
 .rodata._global_impure_ptr
                0x08002ab0        0x4 c:/progra~3/matlab/suppor~1/r2018a/3p778c~1.ins/gnuarm~1.ins/bin/../lib/gcc/arm-none-eabi/5.2.1/../../../../arm-none-eabi/lib/armv7e-m/fpu\libc_nano.a(lib_a-impure.o)
                0x08002ab0                _global_impure_ptr
 *(.eh_fram e*)

.eh_frame       0x08002ab4        0x0
 .eh_frame      0x08002ab4        0x0 c:/progra~3/matlab/suppor~1/r2018a/3p778c~1.ins/gnuarm~1.ins/bin/../lib/gcc/arm-none-eabi/5.2.1/armv7e-m/fpu/crtbegin.o

.glue_7         0x08002ab4        0x0
 .glue_7        0x08002ab4        0x0 linker stubs

.glue_7t        0x08002ab4        0x0
 .glue_7t       0x08002ab4        0x0 linker stubs

.vfp11_veneer   0x08002ab4        0x0
 .vfp11_veneer  0x08002ab4        0x0 linker stubs

.v4_bx          0x08002ab4        0x0
 .v4_bx         0x08002ab4        0x0 linker stubs

.iplt           0x08002ab4        0x0
 .iplt          0x08002ab4        0x0 c:/progra~3/matlab/suppor~1/r2018a/3p778c~1.ins/gnuarm~1.ins/bin/../lib/gcc/arm-none-eabi/5.2.1/armv7e-m/fpu/crtbegin.o

.ARM.extab
 *(.ARM.extab* .gnu.linkonce.armextab.*)
                0x08002ab4                __exidx_start = .

.ARM.exidx      0x08002ab4        0x8
 *(.ARM.exidx* .gnu.linkonce.armexidx.*)
 .ARM.exidx     0x08002ab4        0x8 c:/progra~3/matlab/suppor~1/r2018a/3p778c~1.ins/gnuarm~1.ins/bin/../lib/gcc/arm-none-eabi/5.2.1/../../../../arm-none-eabi/lib/armv7e-m/fpu/crt0.o
 .ARM.exidx     0x08002abc        0x0 C:/ProgramData/MATLAB/SupportPackages/R2018a/3P.instrset/cmsis.instrset/CMSIS/RTOS/RTX/LIB/GCC/libRTX_CM4.a(hal_cm4.o)
                                 0x48 (size before relaxing)
 .ARM.exidx     0x08002abc        0x0 c:/progra~3/matlab/suppor~1/r2018a/3p778c~1.ins/gnuarm~1.ins/bin/../lib/gcc/arm-none-eabi/5.2.1/armv7e-m/fpu\libgcc.a(_udivmoddi4.o)
                                  0x8 (size before relaxing)
                0x08002abc                __exidx_end = .

.rel.dyn        0x08002abc        0x0
 .rel.iplt      0x08002abc        0x0 c:/progra~3/matlab/suppor~1/r2018a/3p778c~1.ins/gnuarm~1.ins/bin/../lib/gcc/arm-none-eabi/5.2.1/armv7e-m/fpu/crtbegin.o
                0x08002abc                . = ALIGN (0x4)
                0x08002abc                _etext = .
                0x08002abc                _sidata = .

.data           0x20000000       0x94 load address 0x08002abc
                0x20000000                __data_start__ = .
                0x20000000                _sdata = __data_start__
 *(vtable)
 *(.data*)
 .data.SystemCoreClock
                0x20000000        0x4 system_stm32f4xx.o
                0x20000000                SystemCoreClock
 .data.AHBPrescTable
                0x20000004       0x10 system_stm32f4xx.o
                0x20000004                AHBPrescTable
 .data.os_thread_def_main
                0x20000014       0x10 RTX_Conf_CM.o
                0x20000014                os_thread_def_main
 .data.runModel
                0x20000024        0x1 ert_main.o
                0x20000024                runModel
 *fill*         0x20000025        0x3 
 .data.impure_data
                0x20000028       0x60 c:/progra~3/matlab/suppor~1/r2018a/3p778c~1.ins/gnuarm~1.ins/bin/../lib/gcc/arm-none-eabi/5.2.1/../../../../arm-none-eabi/lib/armv7e-m/fpu\libc_nano.a(lib_a-impure.o)
                0x20000088                . = ALIGN (0x4)
                0x20000088                PROVIDE (__preinit_array_start, .)
 *(.preinit_array)
                0x20000088                PROVIDE (__preinit_array_end, .)
                0x20000088                . = ALIGN (0x4)
                0x20000088                PROVIDE (__init_array_start, .)
 *(SORT(.init_array.*))
 *(.init_array)
 .init_array    0x20000088        0x4 c:/progra~3/matlab/suppor~1/r2018a/3p778c~1.ins/gnuarm~1.ins/bin/../lib/gcc/arm-none-eabi/5.2.1/armv7e-m/fpu/crtbegin.o
                0x2000008c                PROVIDE (__init_array_end, .)
                0x2000008c                . = ALIGN (0x4)
                0x2000008c                PROVIDE (__fini_array_start, .)
 *(SORT(.fini_array.*))
 *(.fini_array)
 .fini_array    0x2000008c        0x4 c:/progra~3/matlab/suppor~1/r2018a/3p778c~1.ins/gnuarm~1.ins/bin/../lib/gcc/arm-none-eabi/5.2.1/armv7e-m/fpu/crtbegin.o
                0x20000090                PROVIDE (__fini_array_end, .)
 *(.jcr*)
 .jcr           0x20000090        0x0 c:/progra~3/matlab/suppor~1/r2018a/3p778c~1.ins/gnuarm~1.ins/bin/../lib/gcc/arm-none-eabi/5.2.1/armv7e-m/fpu/crtbegin.o
 .jcr           0x20000090        0x4 c:/progra~3/matlab/suppor~1/r2018a/3p778c~1.ins/gnuarm~1.ins/bin/../lib/gcc/arm-none-eabi/5.2.1/armv7e-m/fpu/crtend.o
                0x20000094                . = ALIGN (0x4)
                0x20000094                __data_end__ = .
                0x20000094                _edata = __data_end__

.tm_clone_table
                0x20000094        0x0 load address 0x08002b50
 .tm_clone_table
                0x20000094        0x0 c:/progra~3/matlab/suppor~1/r2018a/3p778c~1.ins/gnuarm~1.ins/bin/../lib/gcc/arm-none-eabi/5.2.1/armv7e-m/fpu/crtbegin.o
 .tm_clone_table
                0x20000094        0x0 c:/progra~3/matlab/suppor~1/r2018a/3p778c~1.ins/gnuarm~1.ins/bin/../lib/gcc/arm-none-eabi/5.2.1/armv7e-m/fpu/crtend.o

.igot.plt       0x20000094        0x0 load address 0x08002b50
 .igot.plt      0x20000094        0x0 c:/progra~3/matlab/suppor~1/r2018a/3p778c~1.ins/gnuarm~1.ins/bin/../lib/gcc/arm-none-eabi/5.2.1/armv7e-m/fpu/crtbegin.o

.bss            0x20000098     0x3084 load address 0x08002b58
                0x20000098                . = ALIGN (0x4)
                0x20000098                _sbss = .
                0x20000098                __bss_start__ = _sbss
 *(.bss .bss.*)
 .bss           0x20000098       0x1c c:/progra~3/matlab/suppor~1/r2018a/3p778c~1.ins/gnuarm~1.ins/bin/../lib/gcc/arm-none-eabi/5.2.1/armv7e-m/fpu/crtbegin.o
 .bss.os_messageQ_q_osTimerMessageQ
                0x200000b4       0x20 RTX_Conf_CM.o
                0x200000b4                os_messageQ_q_osTimerMessageQ
 .bss.m_tmr     0x200000d4        0x4 RTX_Conf_CM.o
                0x200000d4                m_tmr
 .bss.stopRequested
                0x200000d8        0x1 ert_main.o
                0x200000d8                stopRequested
 *fill*         0x200000d9        0x3 
 .bss.terminatingmodel
                0x200000dc        0x4 ert_main.o
                0x200000dc                terminatingmodel
 .bss           0x200000e0        0x3 C:/ProgramData/MATLAB/SupportPackages/R2018a/3P.instrset/cmsis.instrset/CMSIS/RTOS/RTX/LIB/GCC/libRTX_CM4.a(rt_system.o)
 *fill*         0x200000e3        0x1 
 .bss._global_atexit0
                0x200000e4       0x8c c:/progra~3/matlab/suppor~1/r2018a/3p778c~1.ins/gnuarm~1.ins/bin/../lib/gcc/arm-none-eabi/5.2.1/../../../../arm-none-eabi/lib/armv7e-m/fpu\libc_nano.a(lib_a-__atexit.o)
 .bss._global_atexit
                0x20000170        0x4 c:/progra~3/matlab/suppor~1/r2018a/3p778c~1.ins/gnuarm~1.ins/bin/../lib/gcc/arm-none-eabi/5.2.1/../../../../arm-none-eabi/lib/armv7e-m/fpu\libc_nano.a(lib_a-__call_atexit.o)
                0x20000170                _global_atexit
 *(COMMON)
 COMMON         0x20000174        0x4 pid_reg.o
                0x20000174                pid_reg_M_
 COMMON         0x20000178       0x38 cmsis_rtos_init.o
                0x20000178                mw_scheduler_timer_def
                0x2000019c                stopSemPrivate
 COMMON         0x200001b0     0x2e94 RTX_Conf_CM.o
                0x200001b0                mp_stk
                0x200023c0                os_active_TCB
                0x200023d0                os_stack_mem
                0x20002f10                os_fifo
                0x20002f94                osMessageQId_osTimerMessageQ
                0x20002f98                mp_tcb
                0x20003040                osThreadId_osTimerThread
 COMMON         0x20003044       0x58 ert_main.o
                0x20003044                threadJoinStatus
                0x20003064                stopSem
                0x2000306c                baserateTaskSem
                0x20003074                baseRateThread
                0x20003088                schedulerThread
 COMMON         0x2000309c        0x8 C:/ProgramData/MATLAB/SupportPackages/R2018a/3P.instrset/cmsis.instrset/CMSIS/RTOS/RTX/LIB/GCC/libRTX_CM4.a(rt_cmsis.o)
                0x2000309c                os_initialized
                0x2000309d                os_running
                0x200030a0                os_timer_head
 COMMON         0x200030a4        0x1 C:/ProgramData/MATLAB/SupportPackages/R2018a/3P.instrset/cmsis.instrset/CMSIS/RTOS/RTX/LIB/GCC/libRTX_CM4.a(hal_cm.o)
                0x200030a4                dbg_msg
 *fill*         0x200030a5        0x3 
 COMMON         0x200030a8        0x4 C:/ProgramData/MATLAB/SupportPackages/R2018a/3P.instrset/cmsis.instrset/CMSIS/RTOS/RTX/LIB/GCC/libRTX_CM4.a(rt_time.o)
                0x200030a8                os_time
 COMMON         0x200030ac       0x30 C:/ProgramData/MATLAB/SupportPackages/R2018a/3P.instrset/cmsis.instrset/CMSIS/RTOS/RTX/LIB/GCC/libRTX_CM4.a(rt_list.o)
                0x200030ac                os_rdy
                0x200030c4                os_dly
 COMMON         0x200030dc        0x4 C:/ProgramData/MATLAB/SupportPackages/R2018a/3P.instrset/cmsis.instrset/CMSIS/RTOS/RTX/LIB/GCC/libRTX_CM4.a(rt_system.o)
                0x200030dc                os_tick_irqn
 COMMON         0x200030e0       0x3c C:/ProgramData/MATLAB/SupportPackages/R2018a/3P.instrset/cmsis.instrset/CMSIS/RTOS/RTX/LIB/GCC/libRTX_CM4.a(rt_task.o)
                0x200030e0                os_tsk
                0x200030e8                os_idle_TCB
                0x2000311c                . = ALIGN (0x4)
                0x2000311c                _ebss = .
                0x2000311c                __bss_end__ = _ebss

.co_stack       0x10000000      0x840
                0x10000000                . = ALIGN (0x8)
                0x10000000                __stack_end__ = .
 *(.co_stack .co_stack.*)
 .co_stack      0x10000000      0x840 startup_stm32f4xx.o
                0x10000000                pulStack
                0x10000840                __stack_start__ = .
                0x10000840                . = ALIGN (0x8)
                0x10000840                _end_ccmram = .
                0x10000840                PROVIDE (_sheap, _end_ccmram)
                0x10010000                PROVIDE (_eheap, ALIGN ((ORIGIN (CCMRAM) + LENGTH (CCMRAM)), 0x8))
                0x10000840                PROVIDE (__stack, __stack_start__)
OUTPUT(../pid_reg.elf elf32-littlearm)

.ARM.attributes
                0x00000000       0x30
 .ARM.attributes
                0x00000000       0x22 c:/progra~3/matlab/suppor~1/r2018a/3p778c~1.ins/gnuarm~1.ins/bin/../lib/gcc/arm-none-eabi/5.2.1/armv7e-m/fpu/crti.o
 .ARM.attributes
                0x00000022       0x34 c:/progra~3/matlab/suppor~1/r2018a/3p778c~1.ins/gnuarm~1.ins/bin/../lib/gcc/arm-none-eabi/5.2.1/armv7e-m/fpu/crtbegin.o
 .ARM.attributes
                0x00000056       0x20 c:/progra~3/matlab/suppor~1/r2018a/3p778c~1.ins/gnuarm~1.ins/bin/../lib/gcc/arm-none-eabi/5.2.1/../../../../arm-none-eabi/lib/armv7e-m/fpu/crt0.o
 .ARM.attributes
                0x00000076       0x39 pid_reg.o
 .ARM.attributes
                0x000000af       0x39 blapp_support.o
 .ARM.attributes
                0x000000e8       0x39 startup_stm32f4xx.o
 .ARM.attributes
                0x00000121       0x39 syscalls_stm32f4xx.o
 .ARM.attributes
                0x0000015a       0x39 stm32f4xx_init_board.o
 .ARM.attributes
                0x00000193       0x39 system_stm32f4xx.o
 .ARM.attributes
                0x000001cc       0x39 cmsis_rtos_init.o
 .ARM.attributes
                0x00000205       0x39 RTX_Conf_CM.o
 .ARM.attributes
                0x0000023e       0x39 mw_thread.o
 .ARM.attributes
                0x00000277       0x39 mw_timer.o
 .ARM.attributes
                0x000002b0       0x39 mw_signal.o
 .ARM.attributes
                0x000002e9       0x39 ert_main.o
 .ARM.attributes
                0x00000322       0x39 C:/ProgramData/MATLAB/SupportPackages/R2018a/3P.instrset/cmsis.instrset/CMSIS/RTOS/RTX/LIB/GCC/libRTX_CM4.a(rt_cmsis.o)
 .ARM.attributes
                0x0000035b       0x39 C:/ProgramData/MATLAB/SupportPackages/R2018a/3P.instrset/cmsis.instrset/CMSIS/RTOS/RTX/LIB/GCC/libRTX_CM4.a(hal_cm.o)
 .ARM.attributes
                0x00000394       0x39 C:/ProgramData/MATLAB/SupportPackages/R2018a/3P.instrset/cmsis.instrset/CMSIS/RTOS/RTX/LIB/GCC/libRTX_CM4.a(rt_memory.o)
 .ARM.attributes
                0x000003cd       0x39 C:/ProgramData/MATLAB/SupportPackages/R2018a/3P.instrset/cmsis.instrset/CMSIS/RTOS/RTX/LIB/GCC/libRTX_CM4.a(rt_membox.o)
 .ARM.attributes
                0x00000406       0x39 C:/ProgramData/MATLAB/SupportPackages/R2018a/3P.instrset/cmsis.instrset/CMSIS/RTOS/RTX/LIB/GCC/libRTX_CM4.a(rt_time.o)
 .ARM.attributes
                0x0000043f       0x39 C:/ProgramData/MATLAB/SupportPackages/R2018a/3P.instrset/cmsis.instrset/CMSIS/RTOS/RTX/LIB/GCC/libRTX_CM4.a(rt_semaphore.o)
 .ARM.attributes
                0x00000478       0x39 C:/ProgramData/MATLAB/SupportPackages/R2018a/3P.instrset/cmsis.instrset/CMSIS/RTOS/RTX/LIB/GCC/libRTX_CM4.a(rt_mailbox.o)
 .ARM.attributes
                0x000004b1       0x39 C:/ProgramData/MATLAB/SupportPackages/R2018a/3P.instrset/cmsis.instrset/CMSIS/RTOS/RTX/LIB/GCC/libRTX_CM4.a(rt_list.o)
 .ARM.attributes
                0x000004ea       0x39 C:/ProgramData/MATLAB/SupportPackages/R2018a/3P.instrset/cmsis.instrset/CMSIS/RTOS/RTX/LIB/GCC/libRTX_CM4.a(rt_event.o)
 .ARM.attributes
                0x00000523       0x39 C:/ProgramData/MATLAB/SupportPackages/R2018a/3P.instrset/cmsis.instrset/CMSIS/RTOS/RTX/LIB/GCC/libRTX_CM4.a(rt_system.o)
 .ARM.attributes
                0x0000055c       0x39 C:/ProgramData/MATLAB/SupportPackages/R2018a/3P.instrset/cmsis.instrset/CMSIS/RTOS/RTX/LIB/GCC/libRTX_CM4.a(rt_task.o)
 .ARM.attributes
                0x00000595       0x25 C:/ProgramData/MATLAB/SupportPackages/R2018a/3P.instrset/cmsis.instrset/CMSIS/RTOS/RTX/LIB/GCC/libRTX_CM4.a(hal_cm4.o)
 .ARM.attributes
                0x000005ba       0x25 C:/ProgramData/MATLAB/SupportPackages/R2018a/3P.instrset/cmsis.instrset/CMSIS/RTOS/RTX/LIB/GCC/libRTX_CM4.a(svc_table.o)
 .ARM.attributes
                0x000005df       0x22 c:/progra~3/matlab/suppor~1/r2018a/3p778c~1.ins/gnuarm~1.ins/bin/../lib/gcc/arm-none-eabi/5.2.1/armv7e-m/fpu\libgcc.a(_aeabi_uldivmod.o)
 .ARM.attributes
                0x00000601       0x34 c:/progra~3/matlab/suppor~1/r2018a/3p778c~1.ins/gnuarm~1.ins/bin/../lib/gcc/arm-none-eabi/5.2.1/armv7e-m/fpu\libgcc.a(_udivmoddi4.o)
 .ARM.attributes
                0x00000635       0x22 c:/progra~3/matlab/suppor~1/r2018a/3p778c~1.ins/gnuarm~1.ins/bin/../lib/gcc/arm-none-eabi/5.2.1/armv7e-m/fpu\libgcc.a(_dvmd_tls.o)
 .ARM.attributes
                0x00000657       0x34 c:/progra~3/matlab/suppor~1/r2018a/3p778c~1.ins/gnuarm~1.ins/bin/../lib/gcc/arm-none-eabi/5.2.1/../../../../arm-none-eabi/lib/armv7e-m/fpu\libc_nano.a(lib_a-atexit.o)
 .ARM.attributes
                0x0000068b       0x34 c:/progra~3/matlab/suppor~1/r2018a/3p778c~1.ins/gnuarm~1.ins/bin/../lib/gcc/arm-none-eabi/5.2.1/../../../../arm-none-eabi/lib/armv7e-m/fpu\libc_nano.a(lib_a-exit.o)
 .ARM.attributes
                0x000006bf       0x34 c:/progra~3/matlab/suppor~1/r2018a/3p778c~1.ins/gnuarm~1.ins/bin/../lib/gcc/arm-none-eabi/5.2.1/../../../../arm-none-eabi/lib/armv7e-m/fpu\libc_nano.a(lib_a-fini.o)
 .ARM.attributes
                0x000006f3       0x34 c:/progra~3/matlab/suppor~1/r2018a/3p778c~1.ins/gnuarm~1.ins/bin/../lib/gcc/arm-none-eabi/5.2.1/../../../../arm-none-eabi/lib/armv7e-m/fpu\libc_nano.a(lib_a-impure.o)
 .ARM.attributes
                0x00000727       0x34 c:/progra~3/matlab/suppor~1/r2018a/3p778c~1.ins/gnuarm~1.ins/bin/../lib/gcc/arm-none-eabi/5.2.1/../../../../arm-none-eabi/lib/armv7e-m/fpu\libc_nano.a(lib_a-init.o)
 .ARM.attributes
                0x0000075b       0x34 c:/progra~3/matlab/suppor~1/r2018a/3p778c~1.ins/gnuarm~1.ins/bin/../lib/gcc/arm-none-eabi/5.2.1/../../../../arm-none-eabi/lib/armv7e-m/fpu\libc_nano.a(lib_a-memset.o)
 .ARM.attributes
                0x0000078f       0x34 c:/progra~3/matlab/suppor~1/r2018a/3p778c~1.ins/gnuarm~1.ins/bin/../lib/gcc/arm-none-eabi/5.2.1/../../../../arm-none-eabi/lib/armv7e-m/fpu\libc_nano.a(lib_a-__atexit.o)
 .ARM.attributes
                0x000007c3       0x34 c:/progra~3/matlab/suppor~1/r2018a/3p778c~1.ins/gnuarm~1.ins/bin/../lib/gcc/arm-none-eabi/5.2.1/../../../../arm-none-eabi/lib/armv7e-m/fpu\libc_nano.a(lib_a-__call_atexit.o)
 .ARM.attributes
                0x000007f7       0x34 c:/progra~3/matlab/suppor~1/r2018a/3p778c~1.ins/gnuarm~1.ins/bin/../lib/gcc/arm-none-eabi/5.2.1/armv7e-m/fpu/crtend.o
 .ARM.attributes
                0x0000082b       0x22 c:/progra~3/matlab/suppor~1/r2018a/3p778c~1.ins/gnuarm~1.ins/bin/../lib/gcc/arm-none-eabi/5.2.1/armv7e-m/fpu/crtn.o

.comment        0x00000000       0xde
 .comment       0x00000000       0x6e pid_reg.o
                                 0x6f (size before relaxing)
 .comment       0x0000006e       0x6f blapp_support.o
 .comment       0x0000006e       0x6f startup_stm32f4xx.o
 .comment       0x0000006e       0x6f syscalls_stm32f4xx.o
 .comment       0x0000006e       0x6f stm32f4xx_init_board.o
 .comment       0x0000006e       0x6f system_stm32f4xx.o
 .comment       0x0000006e       0x6f cmsis_rtos_init.o
 .comment       0x0000006e       0x6f RTX_Conf_CM.o
 .comment       0x0000006e       0x6f mw_thread.o
 .comment       0x0000006e       0x6f mw_timer.o
 .comment       0x0000006e       0x6f mw_signal.o
 .comment       0x0000006e       0x6f ert_main.o
 .comment       0x0000006e       0x70 C:/ProgramData/MATLAB/SupportPackages/R2018a/3P.instrset/cmsis.instrset/CMSIS/RTOS/RTX/LIB/GCC/libRTX_CM4.a(rt_cmsis.o)
                                 0x71 (size before relaxing)
 .comment       0x000000de       0x71 C:/ProgramData/MATLAB/SupportPackages/R2018a/3P.instrset/cmsis.instrset/CMSIS/RTOS/RTX/LIB/GCC/libRTX_CM4.a(hal_cm.o)
 .comment       0x000000de       0x71 C:/ProgramData/MATLAB/SupportPackages/R2018a/3P.instrset/cmsis.instrset/CMSIS/RTOS/RTX/LIB/GCC/libRTX_CM4.a(rt_memory.o)
 .comment       0x000000de       0x71 C:/ProgramData/MATLAB/SupportPackages/R2018a/3P.instrset/cmsis.instrset/CMSIS/RTOS/RTX/LIB/GCC/libRTX_CM4.a(rt_membox.o)
 .comment       0x000000de       0x71 C:/ProgramData/MATLAB/SupportPackages/R2018a/3P.instrset/cmsis.instrset/CMSIS/RTOS/RTX/LIB/GCC/libRTX_CM4.a(rt_time.o)
 .comment       0x000000de       0x71 C:/ProgramData/MATLAB/SupportPackages/R2018a/3P.instrset/cmsis.instrset/CMSIS/RTOS/RTX/LIB/GCC/libRTX_CM4.a(rt_semaphore.o)
 .comment       0x000000de       0x71 C:/ProgramData/MATLAB/SupportPackages/R2018a/3P.instrset/cmsis.instrset/CMSIS/RTOS/RTX/LIB/GCC/libRTX_CM4.a(rt_mailbox.o)
 .comment       0x000000de       0x71 C:/ProgramData/MATLAB/SupportPackages/R2018a/3P.instrset/cmsis.instrset/CMSIS/RTOS/RTX/LIB/GCC/libRTX_CM4.a(rt_list.o)
 .comment       0x000000de       0x71 C:/ProgramData/MATLAB/SupportPackages/R2018a/3P.instrset/cmsis.instrset/CMSIS/RTOS/RTX/LIB/GCC/libRTX_CM4.a(rt_event.o)
 .comment       0x000000de       0x71 C:/ProgramData/MATLAB/SupportPackages/R2018a/3P.instrset/cmsis.instrset/CMSIS/RTOS/RTX/LIB/GCC/libRTX_CM4.a(rt_system.o)
 .comment       0x000000de       0x71 C:/ProgramData/MATLAB/SupportPackages/R2018a/3P.instrset/cmsis.instrset/CMSIS/RTOS/RTX/LIB/GCC/libRTX_CM4.a(rt_task.o)

.svc_table      0x00000000        0x4
 .svc_table     0x00000000        0x4 C:/ProgramData/MATLAB/SupportPackages/R2018a/3P.instrset/cmsis.instrset/CMSIS/RTOS/RTX/LIB/GCC/libRTX_CM4.a(svc_table.o)
                0x00000000                SVC_Table
                0x00000000                SVC_Count

.debug_info     0x00000000     0xa3ea
 .debug_info    0x00000000     0x5cef C:/ProgramData/MATLAB/SupportPackages/R2018a/3P.instrset/cmsis.instrset/CMSIS/RTOS/RTX/LIB/GCC/libRTX_CM4.a(rt_cmsis.o)
 .debug_info    0x00005cef      0x473 C:/ProgramData/MATLAB/SupportPackages/R2018a/3P.instrset/cmsis.instrset/CMSIS/RTOS/RTX/LIB/GCC/libRTX_CM4.a(hal_cm.o)
 .debug_info    0x00006162      0x1d9 C:/ProgramData/MATLAB/SupportPackages/R2018a/3P.instrset/cmsis.instrset/CMSIS/RTOS/RTX/LIB/GCC/libRTX_CM4.a(rt_memory.o)
 .debug_info    0x0000633b      0x2f8 C:/ProgramData/MATLAB/SupportPackages/R2018a/3P.instrset/cmsis.instrset/CMSIS/RTOS/RTX/LIB/GCC/libRTX_CM4.a(rt_membox.o)
 .debug_info    0x00006633      0x348 C:/ProgramData/MATLAB/SupportPackages/R2018a/3P.instrset/cmsis.instrset/CMSIS/RTOS/RTX/LIB/GCC/libRTX_CM4.a(rt_time.o)
 .debug_info    0x0000697b      0x70b C:/ProgramData/MATLAB/SupportPackages/R2018a/3P.instrset/cmsis.instrset/CMSIS/RTOS/RTX/LIB/GCC/libRTX_CM4.a(rt_semaphore.o)
 .debug_info    0x00007086      0xa24 C:/ProgramData/MATLAB/SupportPackages/R2018a/3P.instrset/cmsis.instrset/CMSIS/RTOS/RTX/LIB/GCC/libRTX_CM4.a(rt_mailbox.o)
 .debug_info    0x00007aaa      0x892 C:/ProgramData/MATLAB/SupportPackages/R2018a/3P.instrset/cmsis.instrset/CMSIS/RTOS/RTX/LIB/GCC/libRTX_CM4.a(rt_list.o)
 .debug_info    0x0000833c      0x611 C:/ProgramData/MATLAB/SupportPackages/R2018a/3P.instrset/cmsis.instrset/CMSIS/RTOS/RTX/LIB/GCC/libRTX_CM4.a(rt_event.o)
 .debug_info    0x0000894d      0x9af C:/ProgramData/MATLAB/SupportPackages/R2018a/3P.instrset/cmsis.instrset/CMSIS/RTOS/RTX/LIB/GCC/libRTX_CM4.a(rt_system.o)
 .debug_info    0x000092fc     0x1084 C:/ProgramData/MATLAB/SupportPackages/R2018a/3P.instrset/cmsis.instrset/CMSIS/RTOS/RTX/LIB/GCC/libRTX_CM4.a(rt_task.o)
 .debug_info    0x0000a380       0x6a C:/ProgramData/MATLAB/SupportPackages/R2018a/3P.instrset/cmsis.instrset/CMSIS/RTOS/RTX/LIB/GCC/libRTX_CM4.a(hal_cm4.o)

.debug_abbrev   0x00000000     0x1b41
 .debug_abbrev  0x00000000      0x4b6 C:/ProgramData/MATLAB/SupportPackages/R2018a/3P.instrset/cmsis.instrset/CMSIS/RTOS/RTX/LIB/GCC/libRTX_CM4.a(rt_cmsis.o)
 .debug_abbrev  0x000004b6      0x1be C:/ProgramData/MATLAB/SupportPackages/R2018a/3P.instrset/cmsis.instrset/CMSIS/RTOS/RTX/LIB/GCC/libRTX_CM4.a(hal_cm.o)
 .debug_abbrev  0x00000674      0x11e C:/ProgramData/MATLAB/SupportPackages/R2018a/3P.instrset/cmsis.instrset/CMSIS/RTOS/RTX/LIB/GCC/libRTX_CM4.a(rt_memory.o)
 .debug_abbrev  0x00000792      0x1c6 C:/ProgramData/MATLAB/SupportPackages/R2018a/3P.instrset/cmsis.instrset/CMSIS/RTOS/RTX/LIB/GCC/libRTX_CM4.a(rt_membox.o)
 .debug_abbrev  0x00000958      0x13f C:/ProgramData/MATLAB/SupportPackages/R2018a/3P.instrset/cmsis.instrset/CMSIS/RTOS/RTX/LIB/GCC/libRTX_CM4.a(rt_time.o)
 .debug_abbrev  0x00000a97      0x1be C:/ProgramData/MATLAB/SupportPackages/R2018a/3P.instrset/cmsis.instrset/CMSIS/RTOS/RTX/LIB/GCC/libRTX_CM4.a(rt_semaphore.o)
 .debug_abbrev  0x00000c55      0x299 C:/ProgramData/MATLAB/SupportPackages/R2018a/3P.instrset/cmsis.instrset/CMSIS/RTOS/RTX/LIB/GCC/libRTX_CM4.a(rt_mailbox.o)
 .debug_abbrev  0x00000eee      0x31e C:/ProgramData/MATLAB/SupportPackages/R2018a/3P.instrset/cmsis.instrset/CMSIS/RTOS/RTX/LIB/GCC/libRTX_CM4.a(rt_list.o)
 .debug_abbrev  0x0000120c      0x1fd C:/ProgramData/MATLAB/SupportPackages/R2018a/3P.instrset/cmsis.instrset/CMSIS/RTOS/RTX/LIB/GCC/libRTX_CM4.a(rt_event.o)
 .debug_abbrev  0x00001409      0x361 C:/ProgramData/MATLAB/SupportPackages/R2018a/3P.instrset/cmsis.instrset/CMSIS/RTOS/RTX/LIB/GCC/libRTX_CM4.a(rt_system.o)
 .debug_abbrev  0x0000176a      0x3c3 C:/ProgramData/MATLAB/SupportPackages/R2018a/3P.instrset/cmsis.instrset/CMSIS/RTOS/RTX/LIB/GCC/libRTX_CM4.a(rt_task.o)
 .debug_abbrev  0x00001b2d       0x14 C:/ProgramData/MATLAB/SupportPackages/R2018a/3P.instrset/cmsis.instrset/CMSIS/RTOS/RTX/LIB/GCC/libRTX_CM4.a(hal_cm4.o)

.debug_loc      0x00000000     0x7d25
 .debug_loc     0x00000000     0x52b5 C:/ProgramData/MATLAB/SupportPackages/R2018a/3P.instrset/cmsis.instrset/CMSIS/RTOS/RTX/LIB/GCC/libRTX_CM4.a(rt_cmsis.o)
 .debug_loc     0x000052b5      0x1fb C:/ProgramData/MATLAB/SupportPackages/R2018a/3P.instrset/cmsis.instrset/CMSIS/RTOS/RTX/LIB/GCC/libRTX_CM4.a(hal_cm.o)
 .debug_loc     0x000054b0      0x2b1 C:/ProgramData/MATLAB/SupportPackages/R2018a/3P.instrset/cmsis.instrset/CMSIS/RTOS/RTX/LIB/GCC/libRTX_CM4.a(rt_memory.o)
 .debug_loc     0x00005761      0x2f1 C:/ProgramData/MATLAB/SupportPackages/R2018a/3P.instrset/cmsis.instrset/CMSIS/RTOS/RTX/LIB/GCC/libRTX_CM4.a(rt_membox.o)
 .debug_loc     0x00005a52       0x3f C:/ProgramData/MATLAB/SupportPackages/R2018a/3P.instrset/cmsis.instrset/CMSIS/RTOS/RTX/LIB/GCC/libRTX_CM4.a(rt_time.o)
 .debug_loc     0x00005a91      0x2b8 C:/ProgramData/MATLAB/SupportPackages/R2018a/3P.instrset/cmsis.instrset/CMSIS/RTOS/RTX/LIB/GCC/libRTX_CM4.a(rt_semaphore.o)
 .debug_loc     0x00005d49      0x7bf C:/ProgramData/MATLAB/SupportPackages/R2018a/3P.instrset/cmsis.instrset/CMSIS/RTOS/RTX/LIB/GCC/libRTX_CM4.a(rt_mailbox.o)
 .debug_loc     0x00006508      0x7e8 C:/ProgramData/MATLAB/SupportPackages/R2018a/3P.instrset/cmsis.instrset/CMSIS/RTOS/RTX/LIB/GCC/libRTX_CM4.a(rt_list.o)
 .debug_loc     0x00006cf0      0x369 C:/ProgramData/MATLAB/SupportPackages/R2018a/3P.instrset/cmsis.instrset/CMSIS/RTOS/RTX/LIB/GCC/libRTX_CM4.a(rt_event.o)
 .debug_loc     0x00007059      0x2a0 C:/ProgramData/MATLAB/SupportPackages/R2018a/3P.instrset/cmsis.instrset/CMSIS/RTOS/RTX/LIB/GCC/libRTX_CM4.a(rt_system.o)
 .debug_loc     0x000072f9      0xa2c C:/ProgramData/MATLAB/SupportPackages/R2018a/3P.instrset/cmsis.instrset/CMSIS/RTOS/RTX/LIB/GCC/libRTX_CM4.a(rt_task.o)

.debug_aranges  0x00000000      0x608
 .debug_aranges
                0x00000000      0x2d8 C:/ProgramData/MATLAB/SupportPackages/R2018a/3P.instrset/cmsis.instrset/CMSIS/RTOS/RTX/LIB/GCC/libRTX_CM4.a(rt_cmsis.o)
 .debug_aranges
                0x000002d8       0x48 C:/ProgramData/MATLAB/SupportPackages/R2018a/3P.instrset/cmsis.instrset/CMSIS/RTOS/RTX/LIB/GCC/libRTX_CM4.a(hal_cm.o)
 .debug_aranges
                0x00000320       0x30 C:/ProgramData/MATLAB/SupportPackages/R2018a/3P.instrset/cmsis.instrset/CMSIS/RTOS/RTX/LIB/GCC/libRTX_CM4.a(rt_memory.o)
 .debug_aranges
                0x00000350       0x38 C:/ProgramData/MATLAB/SupportPackages/R2018a/3P.instrset/cmsis.instrset/CMSIS/RTOS/RTX/LIB/GCC/libRTX_CM4.a(rt_membox.o)
 .debug_aranges
                0x00000388       0x38 C:/ProgramData/MATLAB/SupportPackages/R2018a/3P.instrset/cmsis.instrset/CMSIS/RTOS/RTX/LIB/GCC/libRTX_CM4.a(rt_time.o)
 .debug_aranges
                0x000003c0       0x48 C:/ProgramData/MATLAB/SupportPackages/R2018a/3P.instrset/cmsis.instrset/CMSIS/RTOS/RTX/LIB/GCC/libRTX_CM4.a(rt_semaphore.o)
 .debug_aranges
                0x00000408       0x50 C:/ProgramData/MATLAB/SupportPackages/R2018a/3P.instrset/cmsis.instrset/CMSIS/RTOS/RTX/LIB/GCC/libRTX_CM4.a(rt_mailbox.o)
 .debug_aranges
                0x00000458       0x68 C:/ProgramData/MATLAB/SupportPackages/R2018a/3P.instrset/cmsis.instrset/CMSIS/RTOS/RTX/LIB/GCC/libRTX_CM4.a(rt_list.o)
 .debug_aranges
                0x000004c0       0x48 C:/ProgramData/MATLAB/SupportPackages/R2018a/3P.instrset/cmsis.instrset/CMSIS/RTOS/RTX/LIB/GCC/libRTX_CM4.a(rt_event.o)
 .debug_aranges
                0x00000508       0x78 C:/ProgramData/MATLAB/SupportPackages/R2018a/3P.instrset/cmsis.instrset/CMSIS/RTOS/RTX/LIB/GCC/libRTX_CM4.a(rt_system.o)
 .debug_aranges
                0x00000580       0x68 C:/ProgramData/MATLAB/SupportPackages/R2018a/3P.instrset/cmsis.instrset/CMSIS/RTOS/RTX/LIB/GCC/libRTX_CM4.a(rt_task.o)
 .debug_aranges
                0x000005e8       0x20 C:/ProgramData/MATLAB/SupportPackages/R2018a/3P.instrset/cmsis.instrset/CMSIS/RTOS/RTX/LIB/GCC/libRTX_CM4.a(hal_cm4.o)

.debug_ranges   0x00000000      0xce8
 .debug_ranges  0x00000000      0x708 C:/ProgramData/MATLAB/SupportPackages/R2018a/3P.instrset/cmsis.instrset/CMSIS/RTOS/RTX/LIB/GCC/libRTX_CM4.a(rt_cmsis.o)
 .debug_ranges  0x00000708       0x68 C:/ProgramData/MATLAB/SupportPackages/R2018a/3P.instrset/cmsis.instrset/CMSIS/RTOS/RTX/LIB/GCC/libRTX_CM4.a(hal_cm.o)
 .debug_ranges  0x00000770       0x20 C:/ProgramData/MATLAB/SupportPackages/R2018a/3P.instrset/cmsis.instrset/CMSIS/RTOS/RTX/LIB/GCC/libRTX_CM4.a(rt_memory.o)
 .debug_ranges  0x00000790       0x40 C:/ProgramData/MATLAB/SupportPackages/R2018a/3P.instrset/cmsis.instrset/CMSIS/RTOS/RTX/LIB/GCC/libRTX_CM4.a(rt_membox.o)
 .debug_ranges  0x000007d0       0x28 C:/ProgramData/MATLAB/SupportPackages/R2018a/3P.instrset/cmsis.instrset/CMSIS/RTOS/RTX/LIB/GCC/libRTX_CM4.a(rt_time.o)
 .debug_ranges  0x000007f8       0x38 C:/ProgramData/MATLAB/SupportPackages/R2018a/3P.instrset/cmsis.instrset/CMSIS/RTOS/RTX/LIB/GCC/libRTX_CM4.a(rt_semaphore.o)
 .debug_ranges  0x00000830       0x40 C:/ProgramData/MATLAB/SupportPackages/R2018a/3P.instrset/cmsis.instrset/CMSIS/RTOS/RTX/LIB/GCC/libRTX_CM4.a(rt_mailbox.o)
 .debug_ranges  0x00000870       0xd8 C:/ProgramData/MATLAB/SupportPackages/R2018a/3P.instrset/cmsis.instrset/CMSIS/RTOS/RTX/LIB/GCC/libRTX_CM4.a(rt_list.o)
 .debug_ranges  0x00000948       0x38 C:/ProgramData/MATLAB/SupportPackages/R2018a/3P.instrset/cmsis.instrset/CMSIS/RTOS/RTX/LIB/GCC/libRTX_CM4.a(rt_event.o)
 .debug_ranges  0x00000980       0xd0 C:/ProgramData/MATLAB/SupportPackages/R2018a/3P.instrset/cmsis.instrset/CMSIS/RTOS/RTX/LIB/GCC/libRTX_CM4.a(rt_system.o)
 .debug_ranges  0x00000a50      0x298 C:/ProgramData/MATLAB/SupportPackages/R2018a/3P.instrset/cmsis.instrset/CMSIS/RTOS/RTX/LIB/GCC/libRTX_CM4.a(rt_task.o)

.debug_line     0x00000000     0x25e3
 .debug_line    0x00000000     0x12f3 C:/ProgramData/MATLAB/SupportPackages/R2018a/3P.instrset/cmsis.instrset/CMSIS/RTOS/RTX/LIB/GCC/libRTX_CM4.a(rt_cmsis.o)
 .debug_line    0x000012f3      0x12a C:/ProgramData/MATLAB/SupportPackages/R2018a/3P.instrset/cmsis.instrset/CMSIS/RTOS/RTX/LIB/GCC/libRTX_CM4.a(hal_cm.o)
 .debug_line    0x0000141d       0xe0 C:/ProgramData/MATLAB/SupportPackages/R2018a/3P.instrset/cmsis.instrset/CMSIS/RTOS/RTX/LIB/GCC/libRTX_CM4.a(rt_memory.o)
 .debug_line    0x000014fd      0x134 C:/ProgramData/MATLAB/SupportPackages/R2018a/3P.instrset/cmsis.instrset/CMSIS/RTOS/RTX/LIB/GCC/libRTX_CM4.a(rt_membox.o)
 .debug_line    0x00001631       0x9f C:/ProgramData/MATLAB/SupportPackages/R2018a/3P.instrset/cmsis.instrset/CMSIS/RTOS/RTX/LIB/GCC/libRTX_CM4.a(rt_time.o)
 .debug_line    0x000016d0      0x152 C:/ProgramData/MATLAB/SupportPackages/R2018a/3P.instrset/cmsis.instrset/CMSIS/RTOS/RTX/LIB/GCC/libRTX_CM4.a(rt_semaphore.o)
 .debug_line    0x00001822      0x26b C:/ProgramData/MATLAB/SupportPackages/R2018a/3P.instrset/cmsis.instrset/CMSIS/RTOS/RTX/LIB/GCC/libRTX_CM4.a(rt_mailbox.o)
 .debug_line    0x00001a8d      0x26b C:/ProgramData/MATLAB/SupportPackages/R2018a/3P.instrset/cmsis.instrset/CMSIS/RTOS/RTX/LIB/GCC/libRTX_CM4.a(rt_list.o)
 .debug_line    0x00001cf8      0x14c C:/ProgramData/MATLAB/SupportPackages/R2018a/3P.instrset/cmsis.instrset/CMSIS/RTOS/RTX/LIB/GCC/libRTX_CM4.a(rt_event.o)
 .debug_line    0x00001e44      0x2d9 C:/ProgramData/MATLAB/SupportPackages/R2018a/3P.instrset/cmsis.instrset/CMSIS/RTOS/RTX/LIB/GCC/libRTX_CM4.a(rt_system.o)
 .debug_line    0x0000211d      0x3e7 C:/ProgramData/MATLAB/SupportPackages/R2018a/3P.instrset/cmsis.instrset/CMSIS/RTOS/RTX/LIB/GCC/libRTX_CM4.a(rt_task.o)
 .debug_line    0x00002504       0xdf C:/ProgramData/MATLAB/SupportPackages/R2018a/3P.instrset/cmsis.instrset/CMSIS/RTOS/RTX/LIB/GCC/libRTX_CM4.a(hal_cm4.o)

.debug_str      0x00000000     0x1510
 .debug_str     0x00000000     0x101e C:/ProgramData/MATLAB/SupportPackages/R2018a/3P.instrset/cmsis.instrset/CMSIS/RTOS/RTX/LIB/GCC/libRTX_CM4.a(rt_cmsis.o)
                               0x135d (size before relaxing)
 .debug_str     0x0000101e       0x87 C:/ProgramData/MATLAB/SupportPackages/R2018a/3P.instrset/cmsis.instrset/CMSIS/RTOS/RTX/LIB/GCC/libRTX_CM4.a(hal_cm.o)
                                0x2ba (size before relaxing)
 .debug_str     0x000010a5       0x3d C:/ProgramData/MATLAB/SupportPackages/R2018a/3P.instrset/cmsis.instrset/CMSIS/RTOS/RTX/LIB/GCC/libRTX_CM4.a(rt_memory.o)
                                0x1ba (size before relaxing)
 .debug_str     0x000010e2       0x52 C:/ProgramData/MATLAB/SupportPackages/R2018a/3P.instrset/cmsis.instrset/CMSIS/RTOS/RTX/LIB/GCC/libRTX_CM4.a(rt_membox.o)
                                0x1fd (size before relaxing)
 .debug_str     0x00001134       0x41 C:/ProgramData/MATLAB/SupportPackages/R2018a/3P.instrset/cmsis.instrset/CMSIS/RTOS/RTX/LIB/GCC/libRTX_CM4.a(rt_time.o)
                                0x276 (size before relaxing)
 .debug_str     0x00001175       0x43 C:/ProgramData/MATLAB/SupportPackages/R2018a/3P.instrset/cmsis.instrset/CMSIS/RTOS/RTX/LIB/GCC/libRTX_CM4.a(rt_semaphore.o)
                                0x341 (size before relaxing)
 .debug_str     0x000011b8       0x40 C:/ProgramData/MATLAB/SupportPackages/R2018a/3P.instrset/cmsis.instrset/CMSIS/RTOS/RTX/LIB/GCC/libRTX_CM4.a(rt_mailbox.o)
                                0x3ac (size before relaxing)
 .debug_str     0x000011f8       0xc2 C:/ProgramData/MATLAB/SupportPackages/R2018a/3P.instrset/cmsis.instrset/CMSIS/RTOS/RTX/LIB/GCC/libRTX_CM4.a(rt_list.o)
                                0x389 (size before relaxing)
 .debug_str     0x000012ba       0x6b C:/ProgramData/MATLAB/SupportPackages/R2018a/3P.instrset/cmsis.instrset/CMSIS/RTOS/RTX/LIB/GCC/libRTX_CM4.a(rt_event.o)
                                0x35c (size before relaxing)
 .debug_str     0x00001325       0xfa C:/ProgramData/MATLAB/SupportPackages/R2018a/3P.instrset/cmsis.instrset/CMSIS/RTOS/RTX/LIB/GCC/libRTX_CM4.a(rt_system.o)
                                0x4a5 (size before relaxing)
 .debug_str     0x0000141f       0xf1 C:/ProgramData/MATLAB/SupportPackages/R2018a/3P.instrset/cmsis.instrset/CMSIS/RTOS/RTX/LIB/GCC/libRTX_CM4.a(rt_task.o)
                                0x56f (size before relaxing)

.debug_frame    0x00000000     0x1354
 .debug_frame   0x00000000      0x9f8 C:/ProgramData/MATLAB/SupportPackages/R2018a/3P.instrset/cmsis.instrset/CMSIS/RTOS/RTX/LIB/GCC/libRTX_CM4.a(rt_cmsis.o)
 .debug_frame   0x000009f8       0xa0 C:/ProgramData/MATLAB/SupportPackages/R2018a/3P.instrset/cmsis.instrset/CMSIS/RTOS/RTX/LIB/GCC/libRTX_CM4.a(hal_cm.o)
 .debug_frame   0x00000a98       0x50 C:/ProgramData/MATLAB/SupportPackages/R2018a/3P.instrset/cmsis.instrset/CMSIS/RTOS/RTX/LIB/GCC/libRTX_CM4.a(rt_memory.o)
 .debug_frame   0x00000ae8       0x70 C:/ProgramData/MATLAB/SupportPackages/R2018a/3P.instrset/cmsis.instrset/CMSIS/RTOS/RTX/LIB/GCC/libRTX_CM4.a(rt_membox.o)
 .debug_frame   0x00000b58       0x50 C:/ProgramData/MATLAB/SupportPackages/R2018a/3P.instrset/cmsis.instrset/CMSIS/RTOS/RTX/LIB/GCC/libRTX_CM4.a(rt_time.o)
 .debug_frame   0x00000ba8       0xb4 C:/ProgramData/MATLAB/SupportPackages/R2018a/3P.instrset/cmsis.instrset/CMSIS/RTOS/RTX/LIB/GCC/libRTX_CM4.a(rt_semaphore.o)
 .debug_frame   0x00000c5c       0xec C:/ProgramData/MATLAB/SupportPackages/R2018a/3P.instrset/cmsis.instrset/CMSIS/RTOS/RTX/LIB/GCC/libRTX_CM4.a(rt_mailbox.o)
 .debug_frame   0x00000d48      0x130 C:/ProgramData/MATLAB/SupportPackages/R2018a/3P.instrset/cmsis.instrset/CMSIS/RTOS/RTX/LIB/GCC/libRTX_CM4.a(rt_list.o)
 .debug_frame   0x00000e78       0xb0 C:/ProgramData/MATLAB/SupportPackages/R2018a/3P.instrset/cmsis.instrset/CMSIS/RTOS/RTX/LIB/GCC/libRTX_CM4.a(rt_event.o)
 .debug_frame   0x00000f28      0x140 C:/ProgramData/MATLAB/SupportPackages/R2018a/3P.instrset/cmsis.instrset/CMSIS/RTOS/RTX/LIB/GCC/libRTX_CM4.a(rt_system.o)
 .debug_frame   0x00001068      0x154 C:/ProgramData/MATLAB/SupportPackages/R2018a/3P.instrset/cmsis.instrset/CMSIS/RTOS/RTX/LIB/GCC/libRTX_CM4.a(rt_task.o)
 .debug_frame   0x000011bc       0x2c c:/progra~3/matlab/suppor~1/r2018a/3p778c~1.ins/gnuarm~1.ins/bin/../lib/gcc/arm-none-eabi/5.2.1/armv7e-m/fpu\libgcc.a(_aeabi_uldivmod.o)
 .debug_frame   0x000011e8       0x34 c:/progra~3/matlab/suppor~1/r2018a/3p778c~1.ins/gnuarm~1.ins/bin/../lib/gcc/arm-none-eabi/5.2.1/armv7e-m/fpu\libgcc.a(_udivmoddi4.o)
 .debug_frame   0x0000121c       0x20 c:/progra~3/matlab/suppor~1/r2018a/3p778c~1.ins/gnuarm~1.ins/bin/../lib/gcc/arm-none-eabi/5.2.1/../../../../arm-none-eabi/lib/armv7e-m/fpu\libc_nano.a(lib_a-atexit.o)
 .debug_frame   0x0000123c       0x28 c:/progra~3/matlab/suppor~1/r2018a/3p778c~1.ins/gnuarm~1.ins/bin/../lib/gcc/arm-none-eabi/5.2.1/../../../../arm-none-eabi/lib/armv7e-m/fpu\libc_nano.a(lib_a-exit.o)
 .debug_frame   0x00001264       0x34 c:/progra~3/matlab/suppor~1/r2018a/3p778c~1.ins/gnuarm~1.ins/bin/../lib/gcc/arm-none-eabi/5.2.1/../../../../arm-none-eabi/lib/armv7e-m/fpu\libc_nano.a(lib_a-fini.o)
 .debug_frame   0x00001298       0x2c c:/progra~3/matlab/suppor~1/r2018a/3p778c~1.ins/gnuarm~1.ins/bin/../lib/gcc/arm-none-eabi/5.2.1/../../../../arm-none-eabi/lib/armv7e-m/fpu\libc_nano.a(lib_a-init.o)
 .debug_frame   0x000012c4       0x20 c:/progra~3/matlab/suppor~1/r2018a/3p778c~1.ins/gnuarm~1.ins/bin/../lib/gcc/arm-none-eabi/5.2.1/../../../../arm-none-eabi/lib/armv7e-m/fpu\libc_nano.a(lib_a-memset.o)
 .debug_frame   0x000012e4       0x34 c:/progra~3/matlab/suppor~1/r2018a/3p778c~1.ins/gnuarm~1.ins/bin/../lib/gcc/arm-none-eabi/5.2.1/../../../../arm-none-eabi/lib/armv7e-m/fpu\libc_nano.a(lib_a-__atexit.o)
 .debug_frame   0x00001318       0x3c c:/progra~3/matlab/suppor~1/r2018a/3p778c~1.ins/gnuarm~1.ins/bin/../lib/gcc/arm-none-eabi/5.2.1/../../../../arm-none-eabi/lib/armv7e-m/fpu\libc_nano.a(lib_a-__call_atexit.o)
